mode: atomic
github.com/Ashes47/braids/internal/core/watch/watch.go:33.41,35.16 2 5
github.com/Ashes47/braids/internal/core/watch/watch.go:35.16,37.3 1 0
github.com/Ashes47/braids/internal/core/watch/watch.go:38.2,43.42 2 5
github.com/Ashes47/braids/internal/core/watch/watch.go:43.42,45.3 1 0
github.com/Ashes47/braids/internal/core/watch/watch.go:46.2,47.15 2 5
github.com/Ashes47/braids/internal/core/watch/watch.go:52.45,52.65 1 6
github.com/Ashes47/braids/internal/core/watch/watch.go:55.33,56.19 1 7
github.com/Ashes47/braids/internal/core/watch/watch.go:56.19,56.36 1 5
github.com/Ashes47/braids/internal/core/watch/watch.go:57.2,57.21 1 7
github.com/Ashes47/braids/internal/core/watch/watch.go:62.48,63.39 1 5
github.com/Ashes47/braids/internal/core/watch/watch.go:63.39,65.3 1 0
github.com/Ashes47/braids/internal/core/watch/watch.go:66.2,67.16 2 5
github.com/Ashes47/braids/internal/core/watch/watch.go:67.16,69.3 1 0
github.com/Ashes47/braids/internal/core/watch/watch.go:70.2,70.28 1 5
github.com/Ashes47/braids/internal/core/watch/watch.go:70.28,71.17 1 5
github.com/Ashes47/braids/internal/core/watch/watch.go:71.17,72.12 1 0
github.com/Ashes47/braids/internal/core/watch/watch.go:76.3,76.46 1 5
github.com/Ashes47/braids/internal/core/watch/watch.go:78.2,78.12 1 5
github.com/Ashes47/braids/internal/core/watch/watch.go:81.25,83.19 2 5
github.com/Ashes47/braids/internal/core/watch/watch.go:83.19,85.3 1 0
github.com/Ashes47/braids/internal/core/watch/watch.go:86.2,88.6 2 5
github.com/Ashes47/braids/internal/core/watch/watch.go:88.6,89.10 1 33
github.com/Ashes47/braids/internal/core/watch/watch.go:90.17,91.10 1 5
github.com/Ashes47/braids/internal/core/watch/watch.go:93.35,94.11 1 24
github.com/Ashes47/braids/internal/core/watch/watch.go:94.11,96.5 1 0
github.com/Ashes47/braids/internal/core/watch/watch.go:99.4,99.55 1 24
github.com/Ashes47/braids/internal/core/watch/watch.go:99.55,101.5 1 1
github.com/Ashes47/braids/internal/core/watch/watch.go:102.4,102.27 1 24
github.com/Ashes47/braids/internal/core/watch/watch.go:102.27,103.13 1 1
github.com/Ashes47/braids/internal/core/watch/watch.go:105.4,105.16 1 23
github.com/Ashes47/braids/internal/core/watch/watch.go:105.16,107.5 1 4
github.com/Ashes47/braids/internal/core/watch/watch.go:107.10,107.28 1 19
github.com/Ashes47/braids/internal/core/watch/watch.go:107.28,108.12 1 0
github.com/Ashes47/braids/internal/core/watch/watch.go:109.20,109.20 0 0
github.com/Ashes47/braids/internal/core/watch/watch.go:110.13,110.13 0 0
github.com/Ashes47/braids/internal/core/watch/watch.go:113.4,113.23 1 23
github.com/Ashes47/braids/internal/core/watch/watch.go:115.18,117.11 2 4
github.com/Ashes47/braids/internal/core/watch/watch.go:118.33,118.33 0 4
github.com/Ashes47/braids/internal/core/watch/watch.go:119.12,119.12 0 0
github.com/Ashes47/braids/internal/core/watch/watch.go:122.22,122.22 0 0
github.com/Ashes47/braids/internal/core/watch/watch.go:130.45,131.32 1 24
github.com/Ashes47/braids/internal/core/watch/watch.go:131.32,133.3 1 0
github.com/Ashes47/braids/internal/core/watch/watch.go:134.2,134.69 1 24
github.com/Ashes47/braids/internal/core/watch/watch.go:137.30,140.2 2 7
github.com/Ashes47/braids/internal/core/store/claudecode/birthtime_darwin.go:13.44,15.9 2 20
github.com/Ashes47/braids/internal/core/store/claudecode/birthtime_darwin.go:15.9,17.3 1 0
github.com/Ashes47/braids/internal/core/store/claudecode/birthtime_darwin.go:18.2,18.63 1 20
github.com/Ashes47/braids/internal/core/store/claudecode/branch.go:29.91,30.25 1 6
github.com/Ashes47/braids/internal/core/store/claudecode/branch.go:30.25,32.3 1 1
github.com/Ashes47/braids/internal/core/store/claudecode/branch.go:33.2,34.16 2 5
github.com/Ashes47/braids/internal/core/store/claudecode/branch.go:34.16,36.3 1 0
github.com/Ashes47/braids/internal/core/store/claudecode/branch.go:37.2,38.16 2 5
github.com/Ashes47/braids/internal/core/store/claudecode/branch.go:38.16,40.3 1 1
github.com/Ashes47/braids/internal/core/store/claudecode/branch.go:42.2,43.16 2 4
github.com/Ashes47/braids/internal/core/store/claudecode/branch.go:43.16,45.3 1 0
github.com/Ashes47/braids/internal/core/store/claudecode/branch.go:46.2,47.72 2 4
github.com/Ashes47/braids/internal/core/store/claudecode/branch.go:47.72,49.3 1 0
github.com/Ashes47/braids/internal/core/store/claudecode/branch.go:51.2,52.16 2 4
github.com/Ashes47/braids/internal/core/store/claudecode/branch.go:52.16,54.3 1 0
github.com/Ashes47/braids/internal/core/store/claudecode/branch.go:55.2,64.8 1 4
github.com/Ashes47/braids/internal/core/store/claudecode/branch.go:74.45,76.16 2 5
github.com/Ashes47/braids/internal/core/store/claudecode/branch.go:76.16,78.3 1 0
github.com/Ashes47/braids/internal/core/store/claudecode/branch.go:79.2,83.16 4 5
github.com/Ashes47/braids/internal/core/store/claudecode/branch.go:83.16,86.49 3 30
github.com/Ashes47/braids/internal/core/store/claudecode/branch.go:86.49,88.12 2 0
github.com/Ashes47/braids/internal/core/store/claudecode/branch.go:90.3,90.72 1 30
github.com/Ashes47/braids/internal/core/store/claudecode/branch.go:92.2,92.33 1 5
github.com/Ashes47/braids/internal/core/store/claudecode/branch.go:92.33,94.3 1 0
github.com/Ashes47/braids/internal/core/store/claudecode/branch.go:95.2,95.17 1 5
github.com/Ashes47/braids/internal/core/store/claudecode/branch.go:101.69,104.26 3 5
github.com/Ashes47/braids/internal/core/store/claudecode/branch.go:104.26,105.19 1 30
github.com/Ashes47/braids/internal/core/store/claudecode/branch.go:105.19,106.12 1 5
github.com/Ashes47/braids/internal/core/store/claudecode/branch.go:108.3,109.23 2 25
github.com/Ashes47/braids/internal/core/store/claudecode/branch.go:109.23,111.4 1 4
github.com/Ashes47/braids/internal/core/store/claudecode/branch.go:113.2,113.12 1 5
github.com/Ashes47/braids/internal/core/store/claudecode/branch.go:113.12,115.3 1 1
github.com/Ashes47/braids/internal/core/store/claudecode/branch.go:117.2,118.65 2 4
github.com/Ashes47/braids/internal/core/store/claudecode/branch.go:118.65,120.3 1 11
github.com/Ashes47/braids/internal/core/store/claudecode/branch.go:121.2,121.18 1 4
github.com/Ashes47/braids/internal/core/store/claudecode/branch.go:124.126,126.16 2 4
github.com/Ashes47/braids/internal/core/store/claudecode/branch.go:126.16,128.3 1 0
github.com/Ashes47/braids/internal/core/store/claudecode/branch.go:129.2,132.29 3 4
github.com/Ashes47/braids/internal/core/store/claudecode/branch.go:132.29,134.17 2 6
github.com/Ashes47/braids/internal/core/store/claudecode/branch.go:134.17,136.4 1 0
github.com/Ashes47/braids/internal/core/store/claudecode/branch.go:137.3,138.13 2 6
github.com/Ashes47/braids/internal/core/store/claudecode/branch.go:141.2,141.21 1 4
github.com/Ashes47/braids/internal/core/store/claudecode/branch.go:141.21,142.21 1 4
github.com/Ashes47/braids/internal/core/store/claudecode/branch.go:142.21,145.19 1 2
github.com/Ashes47/braids/internal/core/store/claudecode/branch.go:145.19,147.5 1 0
github.com/Ashes47/braids/internal/core/store/claudecode/branch.go:149.3,149.27 1 4
github.com/Ashes47/braids/internal/core/store/claudecode/branch.go:149.27,150.36 1 24
github.com/Ashes47/braids/internal/core/store/claudecode/branch.go:150.36,152.5 1 0
github.com/Ashes47/braids/internal/core/store/claudecode/branch.go:153.4,153.37 1 24
github.com/Ashes47/braids/internal/core/store/claudecode/branch.go:153.37,154.13 1 13
github.com/Ashes47/braids/internal/core/store/claudecode/branch.go:156.4,157.18 2 11
github.com/Ashes47/braids/internal/core/store/claudecode/branch.go:157.18,159.5 1 0
github.com/Ashes47/braids/internal/core/store/claudecode/branch.go:160.4,160.64 1 11
github.com/Ashes47/braids/internal/core/store/claudecode/branch.go:160.64,162.5 1 0
github.com/Ashes47/braids/internal/core/store/claudecode/branch.go:165.3,167.5 1 4
github.com/Ashes47/braids/internal/core/store/claudecode/branch.go:169.2,169.16 1 4
github.com/Ashes47/braids/internal/core/store/claudecode/branch.go:169.16,171.3 1 0
github.com/Ashes47/braids/internal/core/store/claudecode/branch.go:172.2,172.36 1 4
github.com/Ashes47/braids/internal/core/store/claudecode/branch.go:172.36,174.3 1 0
github.com/Ashes47/braids/internal/core/store/claudecode/branch.go:175.2,175.49 1 4
github.com/Ashes47/braids/internal/core/store/claudecode/branch.go:175.49,177.3 1 0
github.com/Ashes47/braids/internal/core/store/claudecode/branch.go:178.2,178.12 1 4
github.com/Ashes47/braids/internal/core/store/claudecode/branch.go:182.57,184.9 2 11
github.com/Ashes47/braids/internal/core/store/claudecode/branch.go:184.9,187.3 1 0
github.com/Ashes47/braids/internal/core/store/claudecode/branch.go:188.2,189.16 2 11
github.com/Ashes47/braids/internal/core/store/claudecode/branch.go:189.16,191.3 1 0
github.com/Ashes47/braids/internal/core/store/claudecode/branch.go:192.2,192.58 1 11
github.com/Ashes47/braids/internal/core/store/claudecode/branch.go:192.58,193.31 1 22
github.com/Ashes47/braids/internal/core/store/claudecode/branch.go:193.31,195.4 1 11
github.com/Ashes47/braids/internal/core/store/claudecode/branch.go:197.2,198.16 2 11
github.com/Ashes47/braids/internal/core/store/claudecode/branch.go:198.16,200.3 1 0
github.com/Ashes47/braids/internal/core/store/claudecode/branch.go:201.2,201.17 1 11
github.com/Ashes47/braids/internal/core/store/claudecode/branch.go:206.66,208.53 2 11
github.com/Ashes47/braids/internal/core/store/claudecode/branch.go:208.53,210.3 1 0
github.com/Ashes47/braids/internal/core/store/claudecode/branch.go:211.2,211.21 1 11
github.com/Ashes47/braids/internal/core/store/claudecode/branch.go:215.37,217.43 2 4
github.com/Ashes47/braids/internal/core/store/claudecode/branch.go:217.43,219.3 1 0
github.com/Ashes47/braids/internal/core/store/claudecode/branch.go:220.2,223.85 4 4
github.com/Ashes47/braids/internal/core/store/claudecode/branch.go:226.30,227.18 1 1
github.com/Ashes47/braids/internal/core/store/claudecode/branch.go:227.18,229.3 1 1
github.com/Ashes47/braids/internal/core/store/claudecode/branch.go:230.2,230.15 1 0
github.com/Ashes47/braids/internal/core/store/claudecode/claudecode.go:33.31,33.61 1 11
github.com/Ashes47/braids/internal/core/store/claudecode/claudecode.go:36.36,38.16 2 0
github.com/Ashes47/braids/internal/core/store/claudecode/claudecode.go:38.16,40.3 1 0
github.com/Ashes47/braids/internal/core/store/claudecode/claudecode.go:41.2,41.56 1 0
github.com/Ashes47/braids/internal/core/store/claudecode/claudecode.go:45.32,45.55 1 20
github.com/Ashes47/braids/internal/core/store/claudecode/claudecode.go:48.52,56.2 1 0
github.com/Ashes47/braids/internal/core/store/claudecode/claudecode.go:65.67,67.16 2 13
github.com/Ashes47/braids/internal/core/store/claudecode/claudecode.go:67.16,69.3 1 0
github.com/Ashes47/braids/internal/core/store/claudecode/claudecode.go:70.2,71.35 2 13
github.com/Ashes47/braids/internal/core/store/claudecode/claudecode.go:71.35,72.23 1 13
github.com/Ashes47/braids/internal/core/store/claudecode/claudecode.go:72.23,73.12 1 0
github.com/Ashes47/braids/internal/core/store/claudecode/claudecode.go:75.3,77.17 3 13
github.com/Ashes47/braids/internal/core/store/claudecode/claudecode.go:77.17,79.4 1 0
github.com/Ashes47/braids/internal/core/store/claudecode/claudecode.go:80.3,80.29 1 13
github.com/Ashes47/braids/internal/core/store/claudecode/claudecode.go:80.29,81.36 1 17
github.com/Ashes47/braids/internal/core/store/claudecode/claudecode.go:81.36,83.5 1 0
github.com/Ashes47/braids/internal/core/store/claudecode/claudecode.go:84.4,84.59 1 17
github.com/Ashes47/braids/internal/core/store/claudecode/claudecode.go:84.59,85.13 1 1
github.com/Ashes47/braids/internal/core/store/claudecode/claudecode.go:87.4,88.18 2 16
github.com/Ashes47/braids/internal/core/store/claudecode/claudecode.go:88.18,90.5 1 0
github.com/Ashes47/braids/internal/core/store/claudecode/claudecode.go:91.4,101.31 3 16
github.com/Ashes47/braids/internal/core/store/claudecode/claudecode.go:104.2,104.19 1 13
github.com/Ashes47/braids/internal/core/store/claudecode/claudecode.go:110.81,112.16 2 3
github.com/Ashes47/braids/internal/core/store/claudecode/claudecode.go:112.16,114.3 1 0
github.com/Ashes47/braids/internal/core/store/claudecode/claudecode.go:115.2,116.18 2 3
github.com/Ashes47/braids/internal/core/store/claudecode/claudecode.go:121.90,123.16 2 7
github.com/Ashes47/braids/internal/core/store/claudecode/claudecode.go:123.16,125.3 1 0
github.com/Ashes47/braids/internal/core/store/claudecode/claudecode.go:126.2,136.16 4 7
github.com/Ashes47/braids/internal/core/store/claudecode/claudecode.go:136.16,137.35 1 26
github.com/Ashes47/braids/internal/core/store/claudecode/claudecode.go:137.35,139.4 1 0
github.com/Ashes47/braids/internal/core/store/claudecode/claudecode.go:140.3,141.56 2 26
github.com/Ashes47/braids/internal/core/store/claudecode/claudecode.go:141.56,142.12 1 1
github.com/Ashes47/braids/internal/core/store/claudecode/claudecode.go:144.3,144.19 1 25
github.com/Ashes47/braids/internal/core/store/claudecode/claudecode.go:144.19,145.12 1 4
github.com/Ashes47/braids/internal/core/store/claudecode/claudecode.go:147.3,149.10 3 21
github.com/Ashes47/braids/internal/core/store/claudecode/claudecode.go:149.10,151.12 2 7
github.com/Ashes47/braids/internal/core/store/claudecode/claudecode.go:153.3,155.36 3 14
github.com/Ashes47/braids/internal/core/store/claudecode/claudecode.go:155.36,157.4 1 1
github.com/Ashes47/braids/internal/core/store/claudecode/claudecode.go:159.2,159.33 1 6
github.com/Ashes47/braids/internal/core/store/claudecode/claudecode.go:159.33,161.3 1 0
github.com/Ashes47/braids/internal/core/store/claudecode/claudecode.go:162.2,162.12 1 6
github.com/Ashes47/braids/internal/core/store/claudecode/claudecode.go:165.44,169.2 3 15
github.com/Ashes47/braids/internal/core/store/claudecode/claudecode.go:173.38,175.21 2 16
github.com/Ashes47/braids/internal/core/store/claudecode/claudecode.go:175.21,177.3 1 0
github.com/Ashes47/braids/internal/core/store/claudecode/claudecode.go:178.2,178.28 1 16
github.com/Ashes47/braids/internal/core/store/claudecode/claudecode.go:186.59,188.16 2 3
github.com/Ashes47/braids/internal/core/store/claudecode/claudecode.go:188.16,190.3 1 0
github.com/Ashes47/braids/internal/core/store/claudecode/claudecode.go:191.2,195.16 4 3
github.com/Ashes47/braids/internal/core/store/claudecode/claudecode.go:195.16,197.57 2 9
github.com/Ashes47/braids/internal/core/store/claudecode/claudecode.go:197.57,201.39 2 1
github.com/Ashes47/braids/internal/core/store/claudecode/claudecode.go:201.39,203.5 1 1
github.com/Ashes47/braids/internal/core/store/claudecode/claudecode.go:205.3,205.26 1 9
github.com/Ashes47/braids/internal/core/store/claudecode/claudecode.go:205.26,206.12 1 5
github.com/Ashes47/braids/internal/core/store/claudecode/claudecode.go:208.3,209.50 2 4
github.com/Ashes47/braids/internal/core/store/claudecode/claudecode.go:209.50,210.12 1 0
github.com/Ashes47/braids/internal/core/store/claudecode/claudecode.go:212.3,212.10 1 4
github.com/Ashes47/braids/internal/core/store/claudecode/claudecode.go:213.28,214.26 1 2
github.com/Ashes47/braids/internal/core/store/claudecode/claudecode.go:215.24,216.18 1 1
github.com/Ashes47/braids/internal/core/store/claudecode/claudecode.go:217.26,218.23 1 1
github.com/Ashes47/braids/internal/core/store/claudecode/claudecode.go:221.2,221.33 1 3
github.com/Ashes47/braids/internal/core/store/claudecode/claudecode.go:221.33,223.3 1 0
github.com/Ashes47/braids/internal/core/store/claudecode/claudecode.go:224.2,224.51 1 3
github.com/Ashes47/braids/internal/core/store/claudecode/claudecode.go:227.37,228.31 1 9
github.com/Ashes47/braids/internal/core/store/claudecode/claudecode.go:228.31,229.30 1 15
github.com/Ashes47/braids/internal/core/store/claudecode/claudecode.go:229.30,231.4 1 4
github.com/Ashes47/braids/internal/core/store/claudecode/claudecode.go:233.2,233.14 1 5
github.com/Ashes47/braids/internal/core/store/claudecode/claudecode.go:236.43,237.25 1 3
github.com/Ashes47/braids/internal/core/store/claudecode/claudecode.go:237.25,238.14 1 5
github.com/Ashes47/braids/internal/core/store/claudecode/claudecode.go:238.14,240.4 1 3
github.com/Ashes47/braids/internal/core/store/claudecode/claudecode.go:242.2,242.11 1 0
github.com/Ashes47/braids/internal/core/store/claudecode/claudecode.go:277.64,278.50 1 21
github.com/Ashes47/braids/internal/core/store/claudecode/claudecode.go:278.50,280.3 1 7
github.com/Ashes47/braids/internal/core/store/claudecode/claudecode.go:281.2,282.16 2 14
github.com/Ashes47/braids/internal/core/store/claudecode/claudecode.go:283.14,284.24 1 10
github.com/Ashes47/braids/internal/core/store/claudecode/claudecode.go:285.19,286.29 1 4
github.com/Ashes47/braids/internal/core/store/claudecode/claudecode.go:287.10,288.32 1 0
github.com/Ashes47/braids/internal/core/store/claudecode/claudecode.go:290.2,291.21 2 14
github.com/Ashes47/braids/internal/core/store/claudecode/claudecode.go:291.21,293.3 1 0
github.com/Ashes47/braids/internal/core/store/claudecode/claudecode.go:294.2,301.9 2 14
github.com/Ashes47/braids/internal/core/store/claudecode/claudecode.go:308.35,309.25 1 51
github.com/Ashes47/braids/internal/core/store/claudecode/claudecode.go:309.25,311.3 1 31
github.com/Ashes47/braids/internal/core/store/claudecode/claudecode.go:312.2,312.32 1 20
github.com/Ashes47/braids/internal/core/store/claudecode/claudecode.go:312.32,314.3 1 2
github.com/Ashes47/braids/internal/core/store/claudecode/claudecode.go:315.2,315.11 1 18
github.com/Ashes47/braids/internal/core/store/claudecode/claudecode.go:320.51,321.19 1 14
github.com/Ashes47/braids/internal/core/store/claudecode/claudecode.go:321.19,323.3 1 0
github.com/Ashes47/braids/internal/core/store/claudecode/claudecode.go:324.2,325.51 2 14
github.com/Ashes47/braids/internal/core/store/claudecode/claudecode.go:325.51,326.36 1 8
github.com/Ashes47/braids/internal/core/store/claudecode/claudecode.go:326.36,328.4 1 0
github.com/Ashes47/braids/internal/core/store/claudecode/claudecode.go:329.3,329.58 1 8
github.com/Ashes47/braids/internal/core/store/claudecode/claudecode.go:331.2,332.53 2 6
github.com/Ashes47/braids/internal/core/store/claudecode/claudecode.go:332.53,334.3 1 0
github.com/Ashes47/braids/internal/core/store/claudecode/claudecode.go:335.2,336.27 2 6
github.com/Ashes47/braids/internal/core/store/claudecode/claudecode.go:336.27,337.30 1 8
github.com/Ashes47/braids/internal/core/store/claudecode/claudecode.go:337.30,339.4 1 8
github.com/Ashes47/braids/internal/core/store/claudecode/claudecode.go:341.2,341.14 1 6
github.com/Ashes47/braids/internal/core/store/claudecode/claudecode.go:344.44,345.16 1 8
github.com/Ashes47/braids/internal/core/store/claudecode/claudecode.go:346.14,347.38 1 4
github.com/Ashes47/braids/internal/core/store/claudecode/claudecode.go:347.38,349.4 1 0
github.com/Ashes47/braids/internal/core/store/claudecode/claudecode.go:350.3,350.62 1 4
github.com/Ashes47/braids/internal/core/store/claudecode/claudecode.go:351.18,352.42 1 1
github.com/Ashes47/braids/internal/core/store/claudecode/claudecode.go:352.42,354.4 1 0
github.com/Ashes47/braids/internal/core/store/claudecode/claudecode.go:355.3,355.70 1 1
github.com/Ashes47/braids/internal/core/store/claudecode/claudecode.go:356.18,357.88 1 1
github.com/Ashes47/braids/internal/core/store/claudecode/claudecode.go:358.21,360.17 2 2
github.com/Ashes47/braids/internal/core/store/claudecode/claudecode.go:360.17,362.4 1 0
github.com/Ashes47/braids/internal/core/store/claudecode/claudecode.go:363.3,363.66 1 2
github.com/Ashes47/braids/internal/core/store/claudecode/claudecode.go:364.10,365.29 1 0
github.com/Ashes47/braids/internal/core/store/claudecode/claudecode.go:370.42,371.19 1 2
github.com/Ashes47/braids/internal/core/store/claudecode/claudecode.go:371.19,373.3 1 0
github.com/Ashes47/braids/internal/core/store/claudecode/claudecode.go:374.2,375.51 2 2
github.com/Ashes47/braids/internal/core/store/claudecode/claudecode.go:375.51,377.3 1 1
github.com/Ashes47/braids/internal/core/store/claudecode/claudecode.go:378.2,379.53 2 1
github.com/Ashes47/braids/internal/core/store/claudecode/claudecode.go:379.53,381.3 1 0
github.com/Ashes47/braids/internal/core/store/claudecode/claudecode.go:382.2,383.29 2 1
github.com/Ashes47/braids/internal/core/store/claudecode/claudecode.go:383.29,384.21 1 1
github.com/Ashes47/braids/internal/core/store/claudecode/claudecode.go:384.21,385.12 1 0
github.com/Ashes47/braids/internal/core/store/claudecode/claudecode.go:387.3,387.18 1 1
github.com/Ashes47/braids/internal/core/store/claudecode/claudecode.go:387.18,389.4 1 0
github.com/Ashes47/braids/internal/core/store/claudecode/claudecode.go:390.3,390.26 1 1
github.com/Ashes47/braids/internal/core/store/claudecode/claudecode.go:392.2,392.19 1 1
github.com/Ashes47/braids/internal/core/index/index.go:121.40,123.16 2 10
github.com/Ashes47/braids/internal/core/index/index.go:123.16,125.3 1 0
github.com/Ashes47/braids/internal/core/index/index.go:126.2,129.4 1 10
github.com/Ashes47/braids/internal/core/index/index.go:129.4,130.44 1 20
github.com/Ashes47/braids/internal/core/index/index.go:130.44,132.4 1 0
github.com/Ashes47/braids/internal/core/index/index.go:134.2,134.36 1 10
github.com/Ashes47/braids/internal/core/index/index.go:134.36,136.3 1 0
github.com/Ashes47/braids/internal/core/index/index.go:137.2,137.28 1 10
github.com/Ashes47/braids/internal/core/index/index.go:143.32,145.74 2 10
github.com/Ashes47/braids/internal/core/index/index.go:145.74,147.3 1 0
github.com/Ashes47/braids/internal/core/index/index.go:148.2,148.30 1 10
github.com/Ashes47/braids/internal/core/index/index.go:148.30,149.45 1 10
github.com/Ashes47/braids/internal/core/index/index.go:149.45,151.4 1 0
github.com/Ashes47/braids/internal/core/index/index.go:153.2,153.43 1 10
github.com/Ashes47/braids/internal/core/index/index.go:153.43,155.3 1 0
github.com/Ashes47/braids/internal/core/index/index.go:156.2,156.89 1 10
github.com/Ashes47/braids/internal/core/index/index.go:156.89,158.3 1 0
github.com/Ashes47/braids/internal/core/index/index.go:159.2,159.12 1 10
github.com/Ashes47/braids/internal/core/index/index.go:163.32,163.56 1 10
github.com/Ashes47/braids/internal/core/index/index.go:168.80,171.16 3 7
github.com/Ashes47/braids/internal/core/index/index.go:171.16,173.3 1 0
github.com/Ashes47/braids/internal/core/index/index.go:175.2,176.16 2 7
github.com/Ashes47/braids/internal/core/index/index.go:176.16,178.3 1 0
github.com/Ashes47/braids/internal/core/index/index.go:179.2,181.98 2 7
github.com/Ashes47/braids/internal/core/index/index.go:181.98,182.54 1 21
github.com/Ashes47/braids/internal/core/index/index.go:182.54,184.4 1 0
github.com/Ashes47/braids/internal/core/index/index.go:186.2,189.16 2 7
github.com/Ashes47/braids/internal/core/index/index.go:189.16,191.3 1 0
github.com/Ashes47/braids/internal/core/index/index.go:192.2,195.16 3 7
github.com/Ashes47/braids/internal/core/index/index.go:195.16,197.3 1 0
github.com/Ashes47/braids/internal/core/index/index.go:198.2,202.16 3 7
github.com/Ashes47/braids/internal/core/index/index.go:202.16,204.3 1 0
github.com/Ashes47/braids/internal/core/index/index.go:205.2,208.29 3 7
github.com/Ashes47/braids/internal/core/index/index.go:208.29,211.62 3 15
github.com/Ashes47/braids/internal/core/index/index.go:211.62,215.84 3 23
github.com/Ashes47/braids/internal/core/index/index.go:215.84,217.5 1 0
github.com/Ashes47/braids/internal/core/index/index.go:218.4,218.30 1 23
github.com/Ashes47/braids/internal/core/index/index.go:218.30,219.40 1 35
github.com/Ashes47/braids/internal/core/index/index.go:219.40,220.14 1 6
github.com/Ashes47/braids/internal/core/index/index.go:222.5,223.71 1 29
github.com/Ashes47/braids/internal/core/index/index.go:223.71,225.6 1 0
github.com/Ashes47/braids/internal/core/index/index.go:226.5,227.16 2 29
github.com/Ashes47/braids/internal/core/index/index.go:229.4,229.14 1 23
github.com/Ashes47/braids/internal/core/index/index.go:231.3,231.17 1 15
github.com/Ashes47/braids/internal/core/index/index.go:231.17,233.4 1 0
github.com/Ashes47/braids/internal/core/index/index.go:234.3,236.48 1 15
github.com/Ashes47/braids/internal/core/index/index.go:236.48,238.4 1 0
github.com/Ashes47/braids/internal/core/index/index.go:240.2,240.36 1 7
github.com/Ashes47/braids/internal/core/index/index.go:240.36,242.3 1 0
github.com/Ashes47/braids/internal/core/index/index.go:243.2,244.19 2 7
github.com/Ashes47/braids/internal/core/index/index.go:253.77,256.16 3 9
github.com/Ashes47/braids/internal/core/index/index.go:256.16,258.3 1 0
github.com/Ashes47/braids/internal/core/index/index.go:259.2,260.16 2 9
github.com/Ashes47/braids/internal/core/index/index.go:260.16,262.3 1 0
github.com/Ashes47/braids/internal/core/index/index.go:263.2,264.26 2 9
github.com/Ashes47/braids/internal/core/index/index.go:264.26,266.3 1 10
github.com/Ashes47/braids/internal/core/index/index.go:268.2,269.16 2 9
github.com/Ashes47/braids/internal/core/index/index.go:269.16,271.3 1 0
github.com/Ashes47/braids/internal/core/index/index.go:272.2,276.29 4 9
github.com/Ashes47/braids/internal/core/index/index.go:276.29,280.107 2 18
github.com/Ashes47/braids/internal/core/index/index.go:280.107,283.12 3 8
github.com/Ashes47/braids/internal/core/index/index.go:285.3,286.17 2 10
github.com/Ashes47/braids/internal/core/index/index.go:286.17,288.4 1 0
github.com/Ashes47/braids/internal/core/index/index.go:289.3,290.23 2 10
github.com/Ashes47/braids/internal/core/index/index.go:292.2,292.25 1 9
github.com/Ashes47/braids/internal/core/index/index.go:292.25,293.16 1 10
github.com/Ashes47/braids/internal/core/index/index.go:293.16,294.50 1 1
github.com/Ashes47/braids/internal/core/index/index.go:294.50,296.5 1 0
github.com/Ashes47/braids/internal/core/index/index.go:299.2,299.36 1 9
github.com/Ashes47/braids/internal/core/index/index.go:299.36,301.3 1 0
github.com/Ashes47/braids/internal/core/index/index.go:302.2,303.19 2 9
github.com/Ashes47/braids/internal/core/index/index.go:308.80,310.9 2 25
github.com/Ashes47/braids/internal/core/index/index.go:310.9,312.3 1 25
github.com/Ashes47/braids/internal/core/index/index.go:313.2,314.16 2 0
github.com/Ashes47/braids/internal/core/index/index.go:314.16,316.3 1 0
github.com/Ashes47/braids/internal/core/index/index.go:317.2,317.17 1 0
github.com/Ashes47/braids/internal/core/index/index.go:320.71,325.4 1 11
github.com/Ashes47/braids/internal/core/index/index.go:325.4,326.62 1 33
github.com/Ashes47/braids/internal/core/index/index.go:326.62,328.4 1 0
github.com/Ashes47/braids/internal/core/index/index.go:330.2,330.12 1 11
github.com/Ashes47/braids/internal/core/index/index.go:334.115,335.53 1 10
github.com/Ashes47/braids/internal/core/index/index.go:335.53,337.3 1 0
github.com/Ashes47/braids/internal/core/index/index.go:338.2,341.16 3 10
github.com/Ashes47/braids/internal/core/index/index.go:341.16,343.3 1 0
github.com/Ashes47/braids/internal/core/index/index.go:344.2,348.16 3 10
github.com/Ashes47/braids/internal/core/index/index.go:348.16,350.3 1 0
github.com/Ashes47/braids/internal/core/index/index.go:351.2,353.60 2 10
github.com/Ashes47/braids/internal/core/index/index.go:353.60,356.83 2 14
github.com/Ashes47/braids/internal/core/index/index.go:356.83,358.4 1 0
github.com/Ashes47/braids/internal/core/index/index.go:359.3,359.29 1 14
github.com/Ashes47/braids/internal/core/index/index.go:359.29,360.39 1 22
github.com/Ashes47/braids/internal/core/index/index.go:360.39,361.13 1 4
github.com/Ashes47/braids/internal/core/index/index.go:363.4,364.70 1 18
github.com/Ashes47/braids/internal/core/index/index.go:364.70,366.5 1 0
github.com/Ashes47/braids/internal/core/index/index.go:367.4,367.11 1 18
github.com/Ashes47/braids/internal/core/index/index.go:369.3,369.13 1 14
github.com/Ashes47/braids/internal/core/index/index.go:371.2,371.16 1 10
github.com/Ashes47/braids/internal/core/index/index.go:371.16,373.3 1 0
github.com/Ashes47/braids/internal/core/index/index.go:374.2,378.86 1 10
github.com/Ashes47/braids/internal/core/index/index.go:378.86,380.3 1 0
github.com/Ashes47/braids/internal/core/index/index.go:381.2,381.25 1 10
github.com/Ashes47/braids/internal/core/index/index.go:385.70,386.37 1 8
github.com/Ashes47/braids/internal/core/index/index.go:386.37,388.3 1 1
github.com/Ashes47/braids/internal/core/index/index.go:389.2,390.16 2 7
github.com/Ashes47/braids/internal/core/index/index.go:390.16,392.3 1 7
github.com/Ashes47/braids/internal/core/index/index.go:394.2,398.18 2 7
github.com/Ashes47/braids/internal/core/index/index.go:398.18,401.3 2 2
github.com/Ashes47/braids/internal/core/index/index.go:402.2,402.22 1 7
github.com/Ashes47/braids/internal/core/index/index.go:402.22,404.29 2 1
github.com/Ashes47/braids/internal/core/index/index.go:404.29,407.4 2 1
github.com/Ashes47/braids/internal/core/index/index.go:408.3,408.72 1 1
github.com/Ashes47/braids/internal/core/index/index.go:410.2,423.16 4 7
github.com/Ashes47/braids/internal/core/index/index.go:423.16,425.3 1 0
github.com/Ashes47/braids/internal/core/index/index.go:426.2,429.18 3 7
github.com/Ashes47/braids/internal/core/index/index.go:429.18,434.56 4 9
github.com/Ashes47/braids/internal/core/index/index.go:434.56,436.4 1 0
github.com/Ashes47/braids/internal/core/index/index.go:437.3,440.25 4 9
github.com/Ashes47/braids/internal/core/index/index.go:442.2,442.35 1 7
github.com/Ashes47/braids/internal/core/index/index.go:442.35,444.3 1 0
github.com/Ashes47/braids/internal/core/index/index.go:445.2,445.18 1 7
github.com/Ashes47/braids/internal/core/index/index.go:461.89,465.16 2 0
github.com/Ashes47/braids/internal/core/index/index.go:465.16,467.3 1 0
github.com/Ashes47/braids/internal/core/index/index.go:468.2,471.18 3 0
github.com/Ashes47/braids/internal/core/index/index.go:471.18,475.97 4 0
github.com/Ashes47/braids/internal/core/index/index.go:475.97,477.4 1 0
github.com/Ashes47/braids/internal/core/index/index.go:478.3,480.23 3 0
github.com/Ashes47/braids/internal/core/index/index.go:482.2,482.35 1 0
github.com/Ashes47/braids/internal/core/index/index.go:482.35,484.3 1 0
github.com/Ashes47/braids/internal/core/index/index.go:485.2,485.17 1 0
github.com/Ashes47/braids/internal/core/index/index.go:494.40,496.35 2 37
github.com/Ashes47/braids/internal/core/index/index.go:496.35,498.3 1 0
github.com/Ashes47/braids/internal/core/index/index.go:499.2,500.28 2 37
github.com/Ashes47/braids/internal/core/index/index.go:500.28,502.3 1 0
github.com/Ashes47/braids/internal/core/index/index.go:503.2,503.13 1 37
github.com/Ashes47/braids/internal/core/index/index.go:507.38,510.28 3 37
github.com/Ashes47/braids/internal/core/index/index.go:510.28,511.66 1 57
github.com/Ashes47/braids/internal/core/index/index.go:511.66,512.12 1 47
github.com/Ashes47/braids/internal/core/index/index.go:514.3,515.32 2 10
github.com/Ashes47/braids/internal/core/index/index.go:517.2,517.33 1 37
github.com/Ashes47/braids/internal/core/index/index.go:522.67,529.16 2 1
github.com/Ashes47/braids/internal/core/index/index.go:529.16,531.3 1 0
github.com/Ashes47/braids/internal/core/index/index.go:532.2,535.18 3 1
github.com/Ashes47/braids/internal/core/index/index.go:535.18,537.68 2 2
github.com/Ashes47/braids/internal/core/index/index.go:537.68,539.4 1 0
github.com/Ashes47/braids/internal/core/index/index.go:540.3,540.23 1 2
github.com/Ashes47/braids/internal/core/index/index.go:542.2,542.35 1 1
github.com/Ashes47/braids/internal/core/index/index.go:542.35,544.3 1 0
github.com/Ashes47/braids/internal/core/index/index.go:545.2,545.17 1 1
github.com/Ashes47/braids/internal/core/index/index.go:551.81,554.16 2 0
github.com/Ashes47/braids/internal/core/index/index.go:554.16,556.3 1 0
github.com/Ashes47/braids/internal/core/index/index.go:557.2,560.18 3 0
github.com/Ashes47/braids/internal/core/index/index.go:560.18,563.47 3 0
github.com/Ashes47/braids/internal/core/index/index.go:563.47,565.4 1 0
github.com/Ashes47/braids/internal/core/index/index.go:566.3,566.50 1 0
github.com/Ashes47/braids/internal/core/index/index.go:568.2,568.35 1 0
github.com/Ashes47/braids/internal/core/index/index.go:568.35,570.3 1 0
github.com/Ashes47/braids/internal/core/index/index.go:571.2,571.17 1 0
github.com/Ashes47/braids/internal/core/index/index.go:575.65,578.16 2 12
github.com/Ashes47/braids/internal/core/index/index.go:578.16,580.3 1 0
github.com/Ashes47/braids/internal/core/index/index.go:581.2,584.18 3 12
github.com/Ashes47/braids/internal/core/index/index.go:584.18,588.68 3 15
github.com/Ashes47/braids/internal/core/index/index.go:588.68,590.4 1 0
github.com/Ashes47/braids/internal/core/index/index.go:591.3,591.18 1 15
github.com/Ashes47/braids/internal/core/index/index.go:591.18,593.4 1 0
github.com/Ashes47/braids/internal/core/index/index.go:594.3,595.27 2 15
github.com/Ashes47/braids/internal/core/index/index.go:597.2,597.35 1 12
github.com/Ashes47/braids/internal/core/index/index.go:597.35,599.3 1 0
github.com/Ashes47/braids/internal/core/index/index.go:600.2,600.19 1 12
github.com/Ashes47/braids/internal/core/index/index.go:604.36,605.16 1 25
github.com/Ashes47/braids/internal/core/index/index.go:605.16,607.3 1 25
github.com/Ashes47/braids/internal/core/index/index.go:608.2,608.17 1 0
github.com/Ashes47/braids/internal/core/index/index.go:613.30,614.36 1 14
github.com/Ashes47/braids/internal/core/index/index.go:614.36,616.3 1 3
github.com/Ashes47/braids/internal/core/index/index.go:617.2,617.38 1 11
github.com/Ashes47/braids/internal/core/index/index.go:617.38,618.12 1 14
github.com/Ashes47/braids/internal/core/index/index.go:619.27,620.15 1 1
github.com/Ashes47/braids/internal/core/index/index.go:622.3,622.36 1 13
github.com/Ashes47/braids/internal/core/index/index.go:622.36,624.4 1 0
github.com/Ashes47/braids/internal/core/index/index.go:626.2,626.14 1 10
github.com/Ashes47/braids/internal/core/index/index.go:632.34,634.17 2 14
github.com/Ashes47/braids/internal/core/index/index.go:634.17,636.3 1 4
github.com/Ashes47/braids/internal/core/index/index.go:637.2,639.27 3 10
github.com/Ashes47/braids/internal/core/index/index.go:639.27,641.3 1 12
github.com/Ashes47/braids/internal/core/index/index.go:642.2,642.34 1 10
github.com/Ashes47/braids/internal/core/graph/graph.go:54.138,56.26 2 29
github.com/Ashes47/braids/internal/core/graph/graph.go:56.26,58.3 1 84
github.com/Ashes47/braids/internal/core/graph/graph.go:60.2,60.95 1 29
github.com/Ashes47/braids/internal/core/graph/graph.go:60.95,64.3 3 54
github.com/Ashes47/braids/internal/core/graph/graph.go:68.2,68.38 1 29
github.com/Ashes47/braids/internal/core/graph/graph.go:68.38,70.10 2 0
github.com/Ashes47/braids/internal/core/graph/graph.go:70.10,71.12 1 0
github.com/Ashes47/braids/internal/core/graph/graph.go:73.3,73.67 1 0
github.com/Ashes47/braids/internal/core/graph/graph.go:73.67,74.12 1 0
github.com/Ashes47/braids/internal/core/graph/graph.go:76.3,77.32 2 0
github.com/Ashes47/braids/internal/core/graph/graph.go:80.2,81.15 2 29
github.com/Ashes47/braids/internal/core/graph/graph.go:98.117,100.26 2 29
github.com/Ashes47/braids/internal/core/graph/graph.go:100.26,104.40 4 80
github.com/Ashes47/braids/internal/core/graph/graph.go:104.40,106.4 1 58
github.com/Ashes47/braids/internal/core/graph/graph.go:108.2,108.13 1 29
github.com/Ashes47/braids/internal/core/graph/graph.go:112.58,113.24 1 26
github.com/Ashes47/braids/internal/core/graph/graph.go:113.24,115.3 1 1
github.com/Ashes47/braids/internal/core/graph/graph.go:116.2,117.51 2 25
github.com/Ashes47/braids/internal/core/graph/graph.go:117.51,119.3 1 25
github.com/Ashes47/braids/internal/core/graph/graph.go:120.2,120.28 1 0
github.com/Ashes47/braids/internal/core/graph/graph.go:125.82,127.29 2 29
github.com/Ashes47/braids/internal/core/graph/graph.go:127.29,128.35 1 424
github.com/Ashes47/braids/internal/core/graph/graph.go:128.35,130.4 1 424
github.com/Ashes47/braids/internal/core/graph/graph.go:133.2,134.34 2 29
github.com/Ashes47/braids/internal/core/graph/graph.go:134.34,135.24 1 108
github.com/Ashes47/braids/internal/core/graph/graph.go:135.24,136.40 1 424
github.com/Ashes47/braids/internal/core/graph/graph.go:136.40,138.29 2 836
github.com/Ashes47/braids/internal/core/graph/graph.go:138.29,139.14 1 156
github.com/Ashes47/braids/internal/core/graph/graph.go:141.5,141.28 1 680
github.com/Ashes47/braids/internal/core/graph/graph.go:141.28,143.6 1 576
github.com/Ashes47/braids/internal/core/graph/graph.go:144.5,146.17 3 680
github.com/Ashes47/braids/internal/core/graph/graph.go:146.17,149.6 2 80
github.com/Ashes47/braids/internal/core/graph/graph.go:150.5,152.32 3 680
github.com/Ashes47/braids/internal/core/graph/graph.go:156.2,156.14 1 29
github.com/Ashes47/braids/internal/core/graph/graph.go:161.126,162.41 1 80
github.com/Ashes47/braids/internal/core/graph/graph.go:162.41,162.68 1 0
github.com/Ashes47/braids/internal/core/graph/graph.go:163.2,163.41 1 80
github.com/Ashes47/braids/internal/core/graph/graph.go:163.41,163.68 1 80
github.com/Ashes47/braids/internal/core/graph/graph.go:165.2,168.79 2 80
github.com/Ashes47/braids/internal/core/graph/graph.go:168.79,169.34 1 79
github.com/Ashes47/braids/internal/core/graph/graph.go:169.34,171.4 1 0
github.com/Ashes47/braids/internal/core/graph/graph.go:172.3,172.18 1 79
github.com/Ashes47/braids/internal/core/graph/graph.go:176.2,178.9 3 1
github.com/Ashes47/braids/internal/core/graph/graph.go:179.31,180.18 1 0
github.com/Ashes47/braids/internal/core/graph/graph.go:181.31,182.18 1 1
github.com/Ashes47/braids/internal/core/graph/graph.go:187.2,187.9 1 0
github.com/Ashes47/braids/internal/core/graph/graph.go:188.32,189.30 1 0
github.com/Ashes47/braids/internal/core/graph/graph.go:189.30,191.4 1 0
github.com/Ashes47/braids/internal/core/graph/graph.go:192.3,192.18 1 0
github.com/Ashes47/braids/internal/core/graph/graph.go:193.35,194.18 1 0
github.com/Ashes47/braids/internal/core/graph/graph.go:195.10,196.18 1 0
github.com/Ashes47/braids/internal/core/graph/graph.go:202.57,204.2 1 2
github.com/Ashes47/braids/internal/core/graph/graph.go:208.22,209.27 1 29
github.com/Ashes47/braids/internal/core/graph/graph.go:209.27,210.43 1 84
github.com/Ashes47/braids/internal/core/graph/graph.go:210.43,213.4 2 0
github.com/Ashes47/braids/internal/core/graph/graph.go:215.2,215.27 1 29
github.com/Ashes47/braids/internal/core/graph/graph.go:215.27,216.43 1 84
github.com/Ashes47/braids/internal/core/graph/graph.go:216.43,218.4 1 54
github.com/Ashes47/braids/internal/core/graph/graph.go:218.9,220.4 1 30
github.com/Ashes47/braids/internal/core/graph/graph.go:222.2,223.27 2 29
github.com/Ashes47/braids/internal/core/graph/graph.go:223.27,225.3 1 84
github.com/Ashes47/braids/internal/core/graph/graph.go:226.2,226.28 1 29
github.com/Ashes47/braids/internal/core/graph/graph.go:226.28,228.3 1 30
github.com/Ashes47/braids/internal/core/graph/graph.go:232.42,234.72 2 54
github.com/Ashes47/braids/internal/core/graph/graph.go:234.72,235.24 1 55
github.com/Ashes47/braids/internal/core/graph/graph.go:235.24,237.4 1 0
github.com/Ashes47/braids/internal/core/graph/graph.go:238.3,238.27 1 55
github.com/Ashes47/braids/internal/core/graph/graph.go:240.2,240.14 1 54
github.com/Ashes47/braids/internal/core/graph/graph.go:243.38,245.31 2 84
github.com/Ashes47/braids/internal/core/graph/graph.go:245.31,247.3 1 54
github.com/Ashes47/braids/internal/core/graph/graph.go:252.31,253.46 1 113
github.com/Ashes47/braids/internal/core/graph/graph.go:253.46,254.58 1 26
github.com/Ashes47/braids/internal/core/graph/graph.go:254.58,256.4 1 26
github.com/Ashes47/braids/internal/core/graph/graph.go:257.3,257.45 1 0
github.com/Ashes47/braids/internal/core/graph/graph.go:262.36,265.23 3 1
github.com/Ashes47/braids/internal/core/graph/graph.go:265.23,267.32 2 3
github.com/Ashes47/braids/internal/core/graph/graph.go:267.32,269.4 1 2
github.com/Ashes47/braids/internal/core/graph/graph.go:271.2,271.28 1 1
github.com/Ashes47/braids/internal/core/graph/graph.go:271.28,273.3 1 1
github.com/Ashes47/braids/internal/core/graph/graph.go:274.2,274.12 1 1
github.com/Ashes47/braids/internal/core/graph/spine.go:51.47,52.20 1 6
github.com/Ashes47/braids/internal/core/graph/spine.go:52.20,54.3 1 1
github.com/Ashes47/braids/internal/core/graph/spine.go:55.2,57.25 3 5
github.com/Ashes47/braids/internal/core/graph/spine.go:57.25,60.3 2 18
github.com/Ashes47/braids/internal/core/graph/spine.go:62.2,64.25 3 5
github.com/Ashes47/braids/internal/core/graph/spine.go:64.25,66.3 1 13
github.com/Ashes47/braids/internal/core/graph/spine.go:67.2,71.18 4 5
github.com/Ashes47/braids/internal/core/graph/spine.go:71.18,72.19 1 12
github.com/Ashes47/braids/internal/core/graph/spine.go:73.10,73.10 0 8
github.com/Ashes47/braids/internal/core/graph/spine.go:74.10,80.6 2 3
github.com/Ashes47/braids/internal/core/graph/spine.go:81.11,82.38 1 1
github.com/Ashes47/braids/internal/core/graph/spine.go:84.3,84.12 1 12
github.com/Ashes47/braids/internal/core/graph/spine.go:86.2,86.25 1 5
github.com/Ashes47/braids/internal/core/graph/spine.go:86.25,88.43 2 13
github.com/Ashes47/braids/internal/core/graph/spine.go:88.43,90.12 2 6
github.com/Ashes47/braids/internal/core/graph/spine.go:92.3,100.5 2 7
github.com/Ashes47/braids/internal/core/graph/spine.go:102.2,103.12 2 5
github.com/Ashes47/braids/internal/core/graph/spine.go:112.40,114.2 1 13
github.com/Ashes47/braids/internal/core/graph/spine.go:118.95,123.68 4 5
github.com/Ashes47/braids/internal/core/graph/spine.go:123.68,126.3 2 13
github.com/Ashes47/braids/internal/core/graph/spine.go:127.2,127.57 1 5
github.com/Ashes47/braids/internal/core/graph/spine.go:127.57,129.3 1 5
github.com/Ashes47/braids/internal/core/graph/spine.go:130.2,130.17 1 5
github.com/Ashes47/braids/internal/core/graph/spine.go:134.121,136.39 2 13
github.com/Ashes47/braids/internal/core/graph/spine.go:136.39,137.20 1 11
github.com/Ashes47/braids/internal/core/graph/spine.go:137.20,138.12 1 9
github.com/Ashes47/braids/internal/core/graph/spine.go:140.3,140.34 1 2
github.com/Ashes47/braids/internal/core/graph/spine.go:142.2,143.12 2 13
github.com/Ashes47/braids/internal/core/graph/spine.go:147.89,150.29 3 5
github.com/Ashes47/braids/internal/core/graph/spine.go:150.29,151.29 1 32
github.com/Ashes47/braids/internal/core/graph/spine.go:151.29,153.4 1 14
github.com/Ashes47/braids/internal/core/graph/spine.go:154.3,156.34 3 18
github.com/Ashes47/braids/internal/core/graph/spine.go:156.34,158.4 1 14
github.com/Ashes47/braids/internal/core/graph/spine.go:159.3,160.11 2 18
github.com/Ashes47/braids/internal/core/graph/spine.go:162.2,162.25 1 5
github.com/Ashes47/braids/internal/core/graph/spine.go:162.25,164.3 1 18
github.com/Ashes47/braids/internal/core/graph/spine.go:165.2,165.14 1 5
github.com/Ashes47/braids/internal/core/graph/spine.go:169.49,171.24 2 1
github.com/Ashes47/braids/internal/core/graph/spine.go:171.24,172.44 1 3
github.com/Ashes47/braids/internal/core/graph/spine.go:172.44,174.4 1 3
github.com/Ashes47/braids/internal/core/graph/spine.go:176.2,177.30 2 1
github.com/Ashes47/braids/internal/core/graph/spine.go:177.30,179.3 1 2
github.com/Ashes47/braids/internal/core/graph/spine.go:180.2,180.40 1 1
github.com/Ashes47/braids/internal/core/graph/spine.go:180.40,181.39 1 1
github.com/Ashes47/braids/internal/core/graph/spine.go:181.39,183.4 1 1
github.com/Ashes47/braids/internal/core/graph/spine.go:184.3,184.39 1 0
github.com/Ashes47/braids/internal/core/graph/spine.go:186.2,191.3 1 1
github.com/Ashes47/braids/internal/core/graph/spine.go:194.36,195.13 1 13
github.com/Ashes47/braids/internal/core/graph/spine.go:195.13,197.3 1 10
github.com/Ashes47/braids/internal/core/graph/spine.go:198.2,200.31 3 3
github.com/Ashes47/braids/internal/core/graph/spine.go:200.31,201.33 1 15
github.com/Ashes47/braids/internal/core/graph/spine.go:201.33,202.17 1 3
github.com/Ashes47/braids/internal/core/graph/spine.go:202.17,204.5 1 3
github.com/Ashes47/braids/internal/core/graph/spine.go:205.4,205.17 1 3
github.com/Ashes47/braids/internal/core/graph/spine.go:208.2,208.12 1 3
github.com/Ashes47/braids/internal/core/model/model.go:54.49,56.28 2 5
github.com/Ashes47/braids/internal/core/model/model.go:56.28,57.53 1 16
github.com/Ashes47/braids/internal/core/model/model.go:57.53,58.12 1 7
github.com/Ashes47/braids/internal/core/model/model.go:60.3,60.19 1 9
github.com/Ashes47/braids/internal/core/model/model.go:60.19,61.12 1 3
github.com/Ashes47/braids/internal/core/model/model.go:63.3,63.18 1 6
github.com/Ashes47/braids/internal/core/model/model.go:63.18,65.4 1 3
github.com/Ashes47/braids/internal/core/model/model.go:66.3,66.24 1 6
github.com/Ashes47/braids/internal/core/model/model.go:68.2,68.19 1 5
github.com/Ashes47/braids/internal/core/model/model.go:71.54,72.29 1 12
github.com/Ashes47/braids/internal/core/model/model.go:72.29,73.16 1 14
github.com/Ashes47/braids/internal/core/model/model.go:73.16,75.4 1 5
github.com/Ashes47/braids/internal/core/model/model.go:77.2,77.14 1 7
github.com/Ashes47/braids/internal/core/origins/origins.go:26.40,29.36 3 0
github.com/Ashes47/braids/internal/core/origins/origins.go:29.36,31.3 1 0
github.com/Ashes47/braids/internal/core/origins/origins.go:32.2,32.16 1 0
github.com/Ashes47/braids/internal/core/origins/origins.go:32.16,34.3 1 0
github.com/Ashes47/braids/internal/core/origins/origins.go:35.2,35.20 1 0
github.com/Ashes47/braids/internal/core/origins/origins.go:35.20,37.3 1 0
github.com/Ashes47/braids/internal/core/origins/origins.go:38.2,38.57 1 0
github.com/Ashes47/braids/internal/core/origins/origins.go:38.57,42.3 1 0
github.com/Ashes47/braids/internal/core/origins/origins.go:43.2,43.15 1 0
github.com/Ashes47/braids/internal/core/origins/origins.go:47.47,47.67 1 0
github.com/Ashes47/braids/internal/core/origins/origins.go:51.66,54.16 3 0
github.com/Ashes47/braids/internal/core/origins/origins.go:54.16,56.3 1 0
github.com/Ashes47/braids/internal/core/origins/origins.go:57.2,57.65 1 0
github.com/Ashes47/braids/internal/core/origins/origins.go:57.65,59.3 1 0
github.com/Ashes47/braids/internal/core/origins/origins.go:60.2,61.16 2 0
github.com/Ashes47/braids/internal/core/origins/origins.go:61.16,63.3 1 0
github.com/Ashes47/braids/internal/core/origins/origins.go:64.2,66.43 2 0
github.com/Ashes47/braids/internal/core/origins/origins.go:66.43,68.3 1 0
github.com/Ashes47/braids/internal/core/origins/origins.go:69.2,69.36 1 0
github.com/Ashes47/braids/internal/core/origins/origins.go:69.36,71.3 1 0
github.com/Ashes47/braids/internal/core/origins/origins.go:72.2,72.54 1 0
github.com/Ashes47/braids/internal/core/origins/origins.go:72.54,74.3 1 0
github.com/Ashes47/braids/internal/core/origins/origins.go:75.2,75.12 1 0
github.com/Ashes47/braids/internal/launch/launch.go:29.57,30.72 1 7
github.com/Ashes47/braids/internal/launch/launch.go:30.72,32.3 1 3
github.com/Ashes47/braids/internal/launch/launch.go:33.2,33.23 1 4
github.com/Ashes47/braids/internal/launch/launch.go:33.23,35.3 1 1
github.com/Ashes47/braids/internal/launch/launch.go:36.2,36.40 1 3
github.com/Ashes47/braids/internal/launch/launch.go:36.40,38.3 1 1
github.com/Ashes47/braids/internal/launch/launch.go:39.2,39.16 1 2
github.com/Ashes47/braids/internal/launch/launch.go:44.65,46.15 2 0
github.com/Ashes47/braids/internal/launch/launch.go:46.15,48.3 1 0
github.com/Ashes47/braids/internal/launch/launch.go:49.2,49.16 1 0
github.com/Ashes47/braids/internal/launch/launch.go:49.16,51.3 1 0
github.com/Ashes47/braids/internal/launch/launch.go:52.2,52.51 1 0
github.com/Ashes47/braids/internal/launch/launch.go:58.63,60.2 1 0
github.com/Ashes47/braids/internal/launch/launch.go:63.46,65.15 2 1
github.com/Ashes47/braids/internal/launch/launch.go:65.15,67.3 1 1
github.com/Ashes47/braids/internal/launch/launch.go:68.2,81.10 1 1
github.com/Ashes47/braids/internal/launch/launch.go:86.45,87.68 1 3
github.com/Ashes47/braids/internal/launch/launch.go:87.68,94.3 2 2
github.com/Ashes47/braids/internal/launch/launch.go:99.69,105.9 5 2
github.com/Ashes47/braids/internal/launch/launch.go:106.54,109.13 1 0
github.com/Ashes47/braids/internal/launch/launch.go:110.18,111.64 1 1
github.com/Ashes47/braids/internal/launch/launch.go:111.64,113.4 1 1
github.com/Ashes47/braids/internal/launch/launch.go:114.3,114.41 1 0
github.com/Ashes47/braids/internal/launch/launch.go:116.2,116.12 1 1
github.com/Ashes47/braids/internal/launch/launch.go:119.33,120.45 1 1
github.com/Ashes47/braids/internal/launch/launch.go:120.45,122.3 1 0
github.com/Ashes47/braids/internal/launch/launch.go:123.2,123.10 1 1
github.com/Ashes47/braids/internal/launch/launch.go:127.40,129.2 1 2
github.com/Ashes47/braids/internal/launch/launch.go:132.34,134.2 1 1
github.com/Ashes47/braids/internal/launch/launch.go:137.29,137.54 1 0
github.com/Ashes47/braids/cmd/braids/main.go:67.13,68.52 1 0
github.com/Ashes47/braids/cmd/braids/main.go:68.52,71.3 2 0
github.com/Ashes47/braids/cmd/braids/main.go:74.44,76.20 2 16
github.com/Ashes47/braids/cmd/braids/main.go:76.20,78.3 1 0
github.com/Ashes47/braids/cmd/braids/main.go:79.2,79.17 1 16
github.com/Ashes47/braids/cmd/braids/main.go:80.13,81.31 1 1
github.com/Ashes47/braids/cmd/braids/main.go:82.15,83.33 1 3
github.com/Ashes47/braids/cmd/braids/main.go:84.16,85.34 1 8
github.com/Ashes47/braids/cmd/braids/main.go:86.15,87.33 1 1
github.com/Ashes47/braids/cmd/braids/main.go:88.16,89.34 1 0
github.com/Ashes47/braids/cmd/braids/main.go:90.17,92.19 2 0
github.com/Ashes47/braids/cmd/braids/main.go:93.30,95.19 2 2
github.com/Ashes47/braids/cmd/braids/main.go:96.10,97.70 1 1
github.com/Ashes47/braids/cmd/braids/main.go:105.67,107.6 2 8
github.com/Ashes47/braids/cmd/braids/main.go:107.6,108.40 1 16
github.com/Ashes47/braids/cmd/braids/main.go:108.40,110.4 1 0
github.com/Ashes47/braids/cmd/braids/main.go:111.3,112.21 2 16
github.com/Ashes47/braids/cmd/braids/main.go:112.21,114.4 1 8
github.com/Ashes47/braids/cmd/braids/main.go:115.3,116.18 2 8
github.com/Ashes47/braids/cmd/braids/main.go:121.34,122.42 1 0
github.com/Ashes47/braids/cmd/braids/main.go:122.42,124.3 1 0
github.com/Ashes47/braids/cmd/braids/main.go:125.2,126.16 2 0
github.com/Ashes47/braids/cmd/braids/main.go:126.16,128.3 1 0
github.com/Ashes47/braids/cmd/braids/main.go:129.2,130.48 2 0
github.com/Ashes47/braids/cmd/braids/main.go:130.48,132.3 1 0
github.com/Ashes47/braids/cmd/braids/main.go:133.2,133.44 1 0
github.com/Ashes47/braids/cmd/braids/main.go:137.47,138.18 1 11
github.com/Ashes47/braids/cmd/braids/main.go:138.18,140.3 1 11
github.com/Ashes47/braids/cmd/braids/main.go:141.2,141.20 1 0
github.com/Ashes47/braids/cmd/braids/main.go:145.53,147.16 2 10
github.com/Ashes47/braids/cmd/braids/main.go:147.16,149.3 1 0
github.com/Ashes47/braids/cmd/braids/main.go:150.2,150.25 1 10
github.com/Ashes47/braids/cmd/braids/main.go:153.48,162.39 9 1
github.com/Ashes47/braids/cmd/braids/main.go:162.39,164.3 1 0
github.com/Ashes47/braids/cmd/braids/main.go:165.2,166.16 2 1
github.com/Ashes47/braids/cmd/braids/main.go:166.16,168.3 1 0
github.com/Ashes47/braids/cmd/braids/main.go:169.2,170.16 2 1
github.com/Ashes47/braids/cmd/braids/main.go:170.16,172.3 1 0
github.com/Ashes47/braids/cmd/braids/main.go:173.2,177.16 4 1
github.com/Ashes47/braids/cmd/braids/main.go:177.16,179.3 1 0
github.com/Ashes47/braids/cmd/braids/main.go:180.2,181.16 2 1
github.com/Ashes47/braids/cmd/braids/main.go:181.16,183.3 1 0
github.com/Ashes47/braids/cmd/braids/main.go:186.2,187.13 2 1
github.com/Ashes47/braids/cmd/braids/main.go:187.13,188.44 1 1
github.com/Ashes47/braids/cmd/braids/main.go:188.44,191.4 2 1
github.com/Ashes47/braids/cmd/braids/main.go:193.2,201.54 2 1
github.com/Ashes47/braids/cmd/braids/main.go:201.54,203.4 1 0
github.com/Ashes47/braids/cmd/braids/main.go:206.58,208.4 1 0
github.com/Ashes47/braids/cmd/braids/main.go:209.70,211.4 1 0
github.com/Ashes47/braids/cmd/braids/main.go:212.42,213.64 1 0
github.com/Ashes47/braids/cmd/braids/main.go:213.64,215.5 1 0
github.com/Ashes47/braids/cmd/braids/main.go:216.4,216.48 1 0
github.com/Ashes47/braids/cmd/braids/main.go:219.2,219.13 1 1
github.com/Ashes47/braids/cmd/braids/main.go:219.13,221.3 1 1
github.com/Ashes47/braids/cmd/braids/main.go:222.2,223.16 2 0
github.com/Ashes47/braids/cmd/braids/main.go:223.16,225.3 1 0
github.com/Ashes47/braids/cmd/braids/main.go:226.2,227.18 2 0
github.com/Ashes47/braids/cmd/braids/main.go:230.50,236.39 6 3
github.com/Ashes47/braids/cmd/braids/main.go:236.39,238.3 1 0
github.com/Ashes47/braids/cmd/braids/main.go:240.2,241.15 2 3
github.com/Ashes47/braids/cmd/braids/main.go:241.15,243.54 2 0
github.com/Ashes47/braids/cmd/braids/main.go:243.54,245.4 1 0
github.com/Ashes47/braids/cmd/braids/main.go:247.2,248.16 2 3
github.com/Ashes47/braids/cmd/braids/main.go:248.16,250.3 1 0
github.com/Ashes47/braids/cmd/braids/main.go:251.2,255.11 4 3
github.com/Ashes47/braids/cmd/braids/main.go:255.11,257.3 1 0
github.com/Ashes47/braids/cmd/braids/main.go:258.2,259.16 2 3
github.com/Ashes47/braids/cmd/braids/main.go:259.16,261.3 1 0
github.com/Ashes47/braids/cmd/braids/main.go:262.2,264.18 2 3
github.com/Ashes47/braids/cmd/braids/main.go:267.51,275.16 8 8
github.com/Ashes47/braids/cmd/braids/main.go:275.16,277.3 1 0
github.com/Ashes47/braids/cmd/braids/main.go:278.2,279.36 2 8
github.com/Ashes47/braids/cmd/braids/main.go:279.36,281.3 1 1
github.com/Ashes47/braids/cmd/braids/main.go:282.2,283.16 2 7
github.com/Ashes47/braids/cmd/braids/main.go:283.16,285.3 1 1
github.com/Ashes47/braids/cmd/braids/main.go:287.2,288.16 2 6
github.com/Ashes47/braids/cmd/braids/main.go:288.16,290.3 1 0
github.com/Ashes47/braids/cmd/braids/main.go:291.2,296.16 4 6
github.com/Ashes47/braids/cmd/braids/main.go:296.16,298.3 1 0
github.com/Ashes47/braids/cmd/braids/main.go:299.2,299.20 1 6
github.com/Ashes47/braids/cmd/braids/main.go:299.20,302.3 2 1
github.com/Ashes47/braids/cmd/braids/main.go:304.2,305.25 2 5
github.com/Ashes47/braids/cmd/braids/main.go:305.25,307.92 1 7
github.com/Ashes47/braids/cmd/braids/main.go:307.92,309.4 1 0
github.com/Ashes47/braids/cmd/braids/main.go:311.2,311.35 1 5
github.com/Ashes47/braids/cmd/braids/main.go:311.35,313.3 1 0
github.com/Ashes47/braids/cmd/braids/main.go:314.2,315.18 2 5
github.com/Ashes47/braids/cmd/braids/main.go:318.51,324.39 6 0
github.com/Ashes47/braids/cmd/braids/main.go:324.39,326.3 1 0
github.com/Ashes47/braids/cmd/braids/main.go:327.2,327.32 1 0
github.com/Ashes47/braids/cmd/braids/main.go:327.32,329.3 1 0
github.com/Ashes47/braids/cmd/braids/main.go:331.2,332.16 2 0
github.com/Ashes47/braids/cmd/braids/main.go:332.16,334.3 1 0
github.com/Ashes47/braids/cmd/braids/main.go:335.2,336.16 2 0
github.com/Ashes47/braids/cmd/braids/main.go:336.16,338.3 1 0
github.com/Ashes47/braids/cmd/braids/main.go:339.2,343.16 4 0
github.com/Ashes47/braids/cmd/braids/main.go:343.16,345.3 1 0
github.com/Ashes47/braids/cmd/braids/main.go:346.2,347.16 2 0
github.com/Ashes47/braids/cmd/braids/main.go:347.16,349.3 1 0
github.com/Ashes47/braids/cmd/braids/main.go:350.2,353.18 3 0
github.com/Ashes47/braids/cmd/braids/main.go:358.135,360.16 2 0
github.com/Ashes47/braids/cmd/braids/main.go:360.16,362.3 1 0
github.com/Ashes47/braids/cmd/braids/main.go:363.2,364.16 2 0
github.com/Ashes47/braids/cmd/braids/main.go:364.16,366.3 1 0
github.com/Ashes47/braids/cmd/braids/main.go:367.2,368.25 2 0
github.com/Ashes47/braids/cmd/braids/main.go:368.25,369.20 1 0
github.com/Ashes47/braids/cmd/braids/main.go:369.20,371.9 2 0
github.com/Ashes47/braids/cmd/braids/main.go:374.2,374.18 1 0
github.com/Ashes47/braids/cmd/braids/main.go:374.18,376.3 1 0
github.com/Ashes47/braids/cmd/braids/main.go:377.2,378.16 2 0
github.com/Ashes47/braids/cmd/braids/main.go:378.16,380.3 1 0
github.com/Ashes47/braids/cmd/braids/main.go:381.2,384.16 2 0
github.com/Ashes47/braids/cmd/braids/main.go:384.16,386.3 1 0
github.com/Ashes47/braids/cmd/braids/main.go:389.2,389.99 1 0
github.com/Ashes47/braids/cmd/braids/main.go:389.99,391.3 1 0
github.com/Ashes47/braids/cmd/braids/main.go:392.2,392.23 1 0
github.com/Ashes47/braids/cmd/braids/main.go:396.40,398.2 1 1
github.com/Ashes47/braids/cmd/braids/main.go:400.35,401.16 1 0
github.com/Ashes47/braids/cmd/braids/main.go:401.16,403.3 1 0
github.com/Ashes47/braids/cmd/braids/main.go:404.2,404.40 1 0
github.com/Ashes47/braids/cmd/braids/main.go:408.89,410.16 2 0
github.com/Ashes47/braids/cmd/braids/main.go:410.16,412.3 1 0
github.com/Ashes47/braids/cmd/braids/main.go:413.2,414.22 2 0
github.com/Ashes47/braids/cmd/braids/main.go:414.22,416.3 1 0
github.com/Ashes47/braids/cmd/braids/main.go:417.2,417.21 1 0
github.com/Ashes47/braids/cmd/braids/main.go:422.81,424.17 2 1
github.com/Ashes47/braids/cmd/braids/main.go:424.17,426.3 1 1
github.com/Ashes47/braids/cmd/braids/main.go:427.2,427.35 1 0
github.com/Ashes47/braids/cmd/braids/main.go:427.35,429.17 2 0
github.com/Ashes47/braids/cmd/braids/main.go:429.17,431.4 1 0
github.com/Ashes47/braids/cmd/braids/main.go:432.3,433.17 2 0
github.com/Ashes47/braids/cmd/braids/main.go:433.17,435.4 1 0
github.com/Ashes47/braids/cmd/braids/main.go:436.3,437.16 2 0
github.com/Ashes47/braids/cmd/braids/main.go:437.16,439.4 1 0
github.com/Ashes47/braids/cmd/braids/main.go:440.3,441.17 2 0
github.com/Ashes47/braids/cmd/braids/main.go:441.17,443.4 1 0
github.com/Ashes47/braids/cmd/braids/main.go:444.3,444.39 1 0
github.com/Ashes47/braids/cmd/braids/main.go:450.89,452.16 2 0
github.com/Ashes47/braids/cmd/braids/main.go:452.16,454.3 1 0
github.com/Ashes47/braids/cmd/braids/main.go:455.2,456.26 2 0
github.com/Ashes47/braids/cmd/braids/main.go:456.26,457.35 1 0
github.com/Ashes47/braids/cmd/braids/main.go:457.35,459.4 1 0
github.com/Ashes47/braids/cmd/braids/main.go:461.2,461.20 1 0
github.com/Ashes47/braids/cmd/braids/main.go:462.9,463.77 1 0
github.com/Ashes47/braids/cmd/braids/main.go:464.9,465.23 1 0
github.com/Ashes47/braids/cmd/braids/main.go:466.10,467.106 1 0
github.com/Ashes47/braids/cmd/braids/main.go:471.50,475.39 4 1
github.com/Ashes47/braids/cmd/braids/main.go:475.39,477.3 1 0
github.com/Ashes47/braids/cmd/braids/main.go:478.2,479.16 2 1
github.com/Ashes47/braids/cmd/braids/main.go:479.16,481.3 1 0
github.com/Ashes47/braids/cmd/braids/main.go:482.2,485.16 3 1
github.com/Ashes47/braids/cmd/braids/main.go:485.16,487.3 1 0
github.com/Ashes47/braids/cmd/braids/main.go:488.2,488.21 1 1
github.com/Ashes47/braids/cmd/braids/main.go:488.21,491.3 2 0
github.com/Ashes47/braids/cmd/braids/main.go:492.2,494.26 3 1
github.com/Ashes47/braids/cmd/braids/main.go:494.26,497.3 1 1
github.com/Ashes47/braids/cmd/braids/main.go:498.2,498.25 1 1
github.com/Ashes47/braids/cmd/braids/main.go:498.25,499.48 1 2
github.com/Ashes47/braids/cmd/braids/main.go:499.48,501.4 1 0
github.com/Ashes47/braids/cmd/braids/main.go:503.2,503.35 1 1
github.com/Ashes47/braids/cmd/braids/main.go:503.35,505.3 1 0
github.com/Ashes47/braids/cmd/braids/main.go:506.2,507.18 2 1
github.com/Ashes47/braids/cmd/braids/main.go:512.53,513.32 1 9
github.com/Ashes47/braids/cmd/braids/main.go:513.32,515.3 1 6
github.com/Ashes47/braids/cmd/braids/main.go:516.2,523.44 3 3
github.com/Ashes47/braids/cmd/braids/main.go:523.44,525.17 2 4
github.com/Ashes47/braids/cmd/braids/main.go:525.17,526.12 1 0
github.com/Ashes47/braids/cmd/braids/main.go:528.3,529.10 2 4
github.com/Ashes47/braids/cmd/braids/main.go:529.10,531.4 1 1
github.com/Ashes47/braids/cmd/braids/main.go:532.3,532.27 1 3
github.com/Ashes47/braids/cmd/braids/main.go:534.2,534.19 1 2
github.com/Ashes47/braids/cmd/braids/main.go:537.36,538.23 1 7
github.com/Ashes47/braids/cmd/braids/main.go:538.23,540.3 1 7
github.com/Ashes47/braids/cmd/braids/main.go:541.2,541.26 1 0
github.com/Ashes47/braids/cmd/braids/main.go:544.36,545.49 1 7
github.com/Ashes47/braids/cmd/braids/main.go:545.49,547.3 1 5
github.com/Ashes47/braids/cmd/braids/main.go:548.2,548.23 1 2
github.com/Ashes47/braids/cmd/braids/main.go:551.32,551.58 1 1
github.com/Ashes47/braids/cmd/braids/main.go:553.31,555.2 1 7
github.com/Ashes47/braids/cmd/braids/main.go:557.39,559.17 2 23
github.com/Ashes47/braids/cmd/braids/main.go:559.17,561.3 1 21
github.com/Ashes47/braids/cmd/braids/main.go:562.2,562.12 1 2
github.com/Ashes47/braids/cmd/braids/main.go:562.12,564.3 1 0
github.com/Ashes47/braids/cmd/braids/main.go:565.2,565.32 1 2
github.com/Ashes47/braids/cmd/braids/print.go:20.39,20.64 1 16
github.com/Ashes47/braids/cmd/braids/print.go:23.48,24.18 1 82
github.com/Ashes47/braids/cmd/braids/print.go:24.18,26.3 1 0
github.com/Ashes47/braids/cmd/braids/print.go:27.2,28.16 2 82
github.com/Ashes47/braids/cmd/braids/print.go:28.16,30.3 1 0
github.com/Ashes47/braids/cmd/braids/print.go:31.2,31.15 1 82
github.com/Ashes47/braids/cmd/braids/print.go:34.51,35.18 1 12
github.com/Ashes47/braids/cmd/braids/print.go:35.18,37.3 1 12
github.com/Ashes47/braids/cmd/braids/print.go:41.31,41.47 1 12
github.com/Ashes47/braids/internal/tui/chrome.go:28.31,30.22 2 16
github.com/Ashes47/braids/internal/tui/chrome.go:30.22,32.3 1 3
github.com/Ashes47/braids/internal/tui/chrome.go:33.2,38.3 1 16
github.com/Ashes47/braids/internal/tui/chrome.go:41.21,47.2 1 16
github.com/Ashes47/braids/internal/tui/chrome.go:50.30,50.73 1 16
github.com/Ashes47/braids/internal/tui/chrome.go:55.61,57.25 2 35
github.com/Ashes47/braids/internal/tui/chrome.go:57.25,59.3 1 232
github.com/Ashes47/braids/internal/tui/chrome.go:60.2,61.26 2 35
github.com/Ashes47/braids/internal/tui/chrome.go:61.26,63.3 1 140
github.com/Ashes47/braids/internal/tui/chrome.go:66.2,67.22 2 35
github.com/Ashes47/braids/internal/tui/chrome.go:67.22,69.3 1 0
github.com/Ashes47/braids/internal/tui/chrome.go:71.2,72.27 2 35
github.com/Ashes47/braids/internal/tui/chrome.go:72.27,74.21 2 140
github.com/Ashes47/braids/internal/tui/chrome.go:74.21,77.4 1 140
github.com/Ashes47/braids/internal/tui/chrome.go:78.3,79.15 2 140
github.com/Ashes47/braids/internal/tui/chrome.go:79.15,81.4 1 116
github.com/Ashes47/braids/internal/tui/chrome.go:82.3,82.60 1 140
github.com/Ashes47/braids/internal/tui/chrome.go:84.2,84.34 1 35
github.com/Ashes47/braids/internal/tui/chrome.go:87.59,88.20 1 232
github.com/Ashes47/braids/internal/tui/chrome.go:88.20,90.3 1 0
github.com/Ashes47/braids/internal/tui/chrome.go:91.2,92.64 1 232
github.com/Ashes47/braids/internal/tui/chrome.go:96.36,98.19 2 16
github.com/Ashes47/braids/internal/tui/chrome.go:98.19,100.3 1 2
github.com/Ashes47/braids/internal/tui/chrome.go:101.2,101.68 1 16
github.com/Ashes47/braids/internal/tui/chrome.go:104.34,104.77 1 16
github.com/Ashes47/braids/internal/tui/chrome.go:106.51,109.14 3 35
github.com/Ashes47/braids/internal/tui/chrome.go:109.14,111.3 1 0
github.com/Ashes47/braids/internal/tui/chrome.go:112.2,113.59 1 35
github.com/Ashes47/braids/internal/tui/chrome.go:116.37,118.2 1 35
github.com/Ashes47/braids/internal/tui/chrome.go:122.46,125.2 2 420
github.com/Ashes47/braids/internal/tui/chrome.go:128.36,129.21 1 16
github.com/Ashes47/braids/internal/tui/chrome.go:129.21,131.3 1 1
github.com/Ashes47/braids/internal/tui/chrome.go:132.2,132.20 1 15
github.com/Ashes47/braids/internal/tui/chrome.go:132.20,134.3 1 4
github.com/Ashes47/braids/internal/tui/chrome.go:135.2,135.25 1 11
github.com/Ashes47/braids/internal/tui/chrome.go:135.25,137.3 1 1
github.com/Ashes47/braids/internal/tui/chrome.go:138.2,138.69 1 10
github.com/Ashes47/braids/internal/tui/chrome.go:142.56,143.12 1 4
github.com/Ashes47/braids/internal/tui/chrome.go:143.12,145.3 1 2
github.com/Ashes47/braids/internal/tui/chrome.go:146.2,146.22 1 2
github.com/Ashes47/braids/internal/tui/chrome.go:150.49,153.2 1 2
github.com/Ashes47/braids/internal/tui/chrome.go:156.34,157.87 1 18
github.com/Ashes47/braids/internal/tui/chrome.go:157.87,159.3 1 1
github.com/Ashes47/braids/internal/tui/chrome.go:160.2,160.13 1 17
github.com/Ashes47/braids/internal/tui/filter.go:18.42,19.9 1 85
github.com/Ashes47/braids/internal/tui/filter.go:20.18,21.10 1 13
github.com/Ashes47/braids/internal/tui/filter.go:22.17,24.15 2 6
github.com/Ashes47/braids/internal/tui/filter.go:25.21,26.15 1 1
github.com/Ashes47/braids/internal/tui/filter.go:27.11,28.16 1 6
github.com/Ashes47/braids/internal/tui/filter.go:30.3,30.14 1 7
github.com/Ashes47/braids/internal/tui/filter.go:32.32,34.14 2 2
github.com/Ashes47/braids/internal/tui/filter.go:36.29,38.14 2 9
github.com/Ashes47/braids/internal/tui/filter.go:40.16,41.19 1 35
github.com/Ashes47/braids/internal/tui/filter.go:43.2,43.14 1 26
github.com/Ashes47/braids/internal/tui/filter.go:48.43,49.9 1 47
github.com/Ashes47/braids/internal/tui/filter.go:50.24,51.38 1 2
github.com/Ashes47/braids/internal/tui/filter.go:51.38,53.4 1 2
github.com/Ashes47/braids/internal/tui/filter.go:54.3,54.14 1 2
github.com/Ashes47/braids/internal/tui/filter.go:55.20,57.14 2 0
github.com/Ashes47/braids/internal/tui/filter.go:58.27,60.14 2 45
github.com/Ashes47/braids/internal/tui/filter.go:62.2,62.14 1 0
github.com/Ashes47/braids/internal/tui/filter.go:67.42,69.2 1 3
github.com/Ashes47/braids/internal/tui/filter.go:72.32,72.55 1 107
github.com/Ashes47/braids/internal/tui/filter.go:75.52,76.18 1 98
github.com/Ashes47/braids/internal/tui/filter.go:76.18,78.3 1 1
github.com/Ashes47/braids/internal/tui/filter.go:79.2,79.77 1 97
github.com/Ashes47/braids/internal/tui/filter.go:83.37,84.13 1 4
github.com/Ashes47/braids/internal/tui/filter.go:84.13,86.3 1 0
github.com/Ashes47/braids/internal/tui/filter.go:87.2,87.21 1 4
github.com/Ashes47/braids/internal/tui/map.go:128.52,150.2 5 50
github.com/Ashes47/braids/internal/tui/map.go:154.45,156.31 2 2
github.com/Ashes47/braids/internal/tui/map.go:156.31,158.3 1 2
github.com/Ashes47/braids/internal/tui/map.go:159.2,162.30 4 2
github.com/Ashes47/braids/internal/tui/map.go:162.30,163.33 1 3
github.com/Ashes47/braids/internal/tui/map.go:163.33,165.9 2 2
github.com/Ashes47/braids/internal/tui/map.go:168.2,170.20 2 2
github.com/Ashes47/braids/internal/tui/map.go:170.20,171.46 1 0
github.com/Ashes47/braids/internal/tui/map.go:171.46,176.4 4 0
github.com/Ashes47/braids/internal/tui/map.go:178.2,178.10 1 2
github.com/Ashes47/braids/internal/tui/map.go:182.27,185.26 3 52
github.com/Ashes47/braids/internal/tui/map.go:185.26,186.28 1 81
github.com/Ashes47/braids/internal/tui/map.go:186.28,188.4 1 1
github.com/Ashes47/braids/internal/tui/map.go:189.3,190.45 2 81
github.com/Ashes47/braids/internal/tui/map.go:192.2,194.31 3 52
github.com/Ashes47/braids/internal/tui/map.go:194.31,195.27 1 76
github.com/Ashes47/braids/internal/tui/map.go:195.27,197.4 1 2
github.com/Ashes47/braids/internal/tui/map.go:203.31,204.22 1 1
github.com/Ashes47/braids/internal/tui/map.go:204.22,206.3 1 1
github.com/Ashes47/braids/internal/tui/map.go:207.2,207.70 1 0
github.com/Ashes47/braids/internal/tui/map.go:212.46,213.24 1 3
github.com/Ashes47/braids/internal/tui/map.go:213.24,214.25 1 0
github.com/Ashes47/braids/internal/tui/map.go:214.25,216.4 1 0
github.com/Ashes47/braids/internal/tui/map.go:217.3,217.22 1 0
github.com/Ashes47/braids/internal/tui/map.go:222.57,223.27 1 36
github.com/Ashes47/braids/internal/tui/map.go:224.30,225.44 1 0
github.com/Ashes47/braids/internal/tui/map.go:226.25,229.17 3 0
github.com/Ashes47/braids/internal/tui/map.go:230.20,231.36 1 4
github.com/Ashes47/braids/internal/tui/map.go:232.18,233.45 1 3
github.com/Ashes47/braids/internal/tui/map.go:234.23,235.20 1 29
github.com/Ashes47/braids/internal/tui/map.go:237.2,237.15 1 0
github.com/Ashes47/braids/internal/tui/map.go:242.42,243.9 1 4
github.com/Ashes47/braids/internal/tui/map.go:244.47,247.18 3 1
github.com/Ashes47/braids/internal/tui/map.go:248.70,249.29 1 1
github.com/Ashes47/braids/internal/tui/map.go:250.70,253.17 3 0
github.com/Ashes47/braids/internal/tui/map.go:254.23,257.12 3 1
github.com/Ashes47/braids/internal/tui/map.go:259.2,259.10 1 4
github.com/Ashes47/braids/internal/tui/map.go:265.32,266.22 1 3
github.com/Ashes47/braids/internal/tui/map.go:266.22,268.3 1 0
github.com/Ashes47/braids/internal/tui/map.go:269.2,270.16 2 3
github.com/Ashes47/braids/internal/tui/map.go:270.16,272.3 1 1
github.com/Ashes47/braids/internal/tui/map.go:273.2,273.24 1 2
github.com/Ashes47/braids/internal/tui/map.go:277.32,278.9 1 2
github.com/Ashes47/braids/internal/tui/map.go:279.47,280.62 1 0
github.com/Ashes47/braids/internal/tui/map.go:281.45,282.61 1 1
github.com/Ashes47/braids/internal/tui/map.go:283.10,284.56 1 1
github.com/Ashes47/braids/internal/tui/map.go:291.36,292.11 1 29
github.com/Ashes47/braids/internal/tui/map.go:293.32,294.17 1 0
github.com/Ashes47/braids/internal/tui/map.go:295.16,296.17 1 0
github.com/Ashes47/braids/internal/tui/map.go:298.2,298.10 1 29
github.com/Ashes47/braids/internal/tui/map.go:301.62,303.53 2 29
github.com/Ashes47/braids/internal/tui/map.go:303.53,305.3 1 2
github.com/Ashes47/braids/internal/tui/map.go:306.2,306.26 1 27
github.com/Ashes47/braids/internal/tui/map.go:306.26,308.3 1 1
github.com/Ashes47/braids/internal/tui/map.go:309.2,309.37 1 26
github.com/Ashes47/braids/internal/tui/map.go:309.37,311.3 1 2
github.com/Ashes47/braids/internal/tui/map.go:312.2,312.25 1 24
github.com/Ashes47/braids/internal/tui/map.go:312.25,314.3 1 3
github.com/Ashes47/braids/internal/tui/map.go:315.2,315.23 1 21
github.com/Ashes47/braids/internal/tui/map.go:315.23,319.3 3 13
github.com/Ashes47/braids/internal/tui/map.go:320.2,320.13 1 8
github.com/Ashes47/braids/internal/tui/map.go:321.29,322.28 1 1
github.com/Ashes47/braids/internal/tui/map.go:323.11,324.25 1 3
github.com/Ashes47/braids/internal/tui/map.go:325.11,326.24 1 1
github.com/Ashes47/braids/internal/tui/map.go:327.11,328.26 1 3
github.com/Ashes47/braids/internal/tui/map.go:329.19,330.13 1 0
github.com/Ashes47/braids/internal/tui/map.go:331.17,332.13 1 0
github.com/Ashes47/braids/internal/tui/map.go:333.19,334.15 1 0
github.com/Ashes47/braids/internal/tui/map.go:335.18,336.32 1 0
github.com/Ashes47/braids/internal/tui/map.go:337.26,338.33 1 0
github.com/Ashes47/braids/internal/tui/map.go:339.24,340.33 1 0
github.com/Ashes47/braids/internal/tui/map.go:342.2,343.15 2 3
github.com/Ashes47/braids/internal/tui/map.go:347.46,348.43 1 6
github.com/Ashes47/braids/internal/tui/map.go:348.43,350.3 1 1
github.com/Ashes47/braids/internal/tui/map.go:351.2,351.31 1 5
github.com/Ashes47/braids/internal/tui/map.go:351.31,353.3 1 5
github.com/Ashes47/braids/internal/tui/map.go:354.2,354.18 1 0
github.com/Ashes47/braids/internal/tui/map.go:359.50,361.31 2 3
github.com/Ashes47/braids/internal/tui/map.go:361.31,363.3 1 0
github.com/Ashes47/braids/internal/tui/map.go:364.2,365.16 2 3
github.com/Ashes47/braids/internal/tui/map.go:365.16,367.3 1 0
github.com/Ashes47/braids/internal/tui/map.go:368.2,368.75 1 3
github.com/Ashes47/braids/internal/tui/map.go:372.52,374.9 2 3
github.com/Ashes47/braids/internal/tui/map.go:374.9,376.3 1 0
github.com/Ashes47/braids/internal/tui/map.go:377.2,377.20 1 3
github.com/Ashes47/braids/internal/tui/map.go:377.20,381.3 2 1
github.com/Ashes47/braids/internal/tui/map.go:382.2,382.38 1 2
github.com/Ashes47/braids/internal/tui/map.go:382.38,384.3 1 1
github.com/Ashes47/braids/internal/tui/map.go:385.2,385.92 1 1
github.com/Ashes47/braids/internal/tui/map.go:389.59,390.43 1 6
github.com/Ashes47/braids/internal/tui/map.go:390.43,393.3 2 1
github.com/Ashes47/braids/internal/tui/map.go:394.2,395.10 2 5
github.com/Ashes47/braids/internal/tui/map.go:400.31,401.9 1 4
github.com/Ashes47/braids/internal/tui/map.go:402.28,403.14 1 1
github.com/Ashes47/braids/internal/tui/map.go:404.45,405.56 1 2
github.com/Ashes47/braids/internal/tui/map.go:406.10,407.25 1 1
github.com/Ashes47/braids/internal/tui/map.go:413.25,415.48 2 17
github.com/Ashes47/braids/internal/tui/map.go:415.48,417.3 1 17
github.com/Ashes47/braids/internal/tui/map.go:418.2,418.20 1 17
github.com/Ashes47/braids/internal/tui/map.go:418.20,420.3 1 5
github.com/Ashes47/braids/internal/tui/map.go:420.8,422.27 2 12
github.com/Ashes47/braids/internal/tui/map.go:422.27,424.64 2 27
github.com/Ashes47/braids/internal/tui/map.go:424.64,426.5 1 14
github.com/Ashes47/braids/internal/tui/map.go:431.2,432.30 2 17
github.com/Ashes47/braids/internal/tui/map.go:432.30,433.29 1 21
github.com/Ashes47/braids/internal/tui/map.go:433.29,435.9 2 11
github.com/Ashes47/braids/internal/tui/map.go:440.25,441.32 1 61
github.com/Ashes47/braids/internal/tui/map.go:441.32,443.3 1 16
github.com/Ashes47/braids/internal/tui/map.go:444.2,444.18 1 61
github.com/Ashes47/braids/internal/tui/map.go:444.18,446.3 1 16
github.com/Ashes47/braids/internal/tui/map.go:447.2,448.25 2 61
github.com/Ashes47/braids/internal/tui/map.go:448.25,450.3 1 3
github.com/Ashes47/braids/internal/tui/map.go:451.2,451.28 1 61
github.com/Ashes47/braids/internal/tui/map.go:451.28,453.3 1 3
github.com/Ashes47/braids/internal/tui/map.go:454.2,454.18 1 61
github.com/Ashes47/braids/internal/tui/map.go:454.18,456.3 1 0
github.com/Ashes47/braids/internal/tui/map.go:460.33,462.11 2 208
github.com/Ashes47/braids/internal/tui/map.go:462.11,464.3 1 0
github.com/Ashes47/braids/internal/tui/map.go:465.2,465.10 1 208
github.com/Ashes47/braids/internal/tui/map.go:469.35,471.12 2 171
github.com/Ashes47/braids/internal/tui/map.go:471.12,473.3 1 0
github.com/Ashes47/braids/internal/tui/map.go:474.2,474.10 1 171
github.com/Ashes47/braids/internal/tui/map.go:477.32,487.25 9 16
github.com/Ashes47/braids/internal/tui/map.go:487.25,491.32 4 1
github.com/Ashes47/braids/internal/tui/map.go:491.32,493.4 1 10
github.com/Ashes47/braids/internal/tui/map.go:494.8,496.35 2 15
github.com/Ashes47/braids/internal/tui/map.go:496.35,499.4 2 21
github.com/Ashes47/braids/internal/tui/map.go:500.3,500.47 1 15
github.com/Ashes47/braids/internal/tui/map.go:500.47,502.4 1 144
github.com/Ashes47/braids/internal/tui/map.go:504.2,507.19 4 16
github.com/Ashes47/braids/internal/tui/map.go:510.38,511.19 1 2
github.com/Ashes47/braids/internal/tui/map.go:511.19,513.3 1 2
github.com/Ashes47/braids/internal/tui/map.go:514.2,514.61 1 0
github.com/Ashes47/braids/internal/tui/map.go:517.34,519.26 2 16
github.com/Ashes47/braids/internal/tui/map.go:519.26,520.25 1 23
github.com/Ashes47/braids/internal/tui/map.go:520.25,522.4 1 2
github.com/Ashes47/braids/internal/tui/map.go:524.2,524.10 1 16
github.com/Ashes47/braids/internal/tui/map.go:527.45,529.2 1 65
github.com/Ashes47/braids/internal/tui/map.go:534.55,536.14 2 21
github.com/Ashes47/braids/internal/tui/map.go:536.14,538.3 1 15
github.com/Ashes47/braids/internal/tui/map.go:539.2,539.15 1 6
github.com/Ashes47/braids/internal/tui/map.go:542.55,547.24 4 21
github.com/Ashes47/braids/internal/tui/map.go:547.24,549.3 1 2
github.com/Ashes47/braids/internal/tui/map.go:551.2,552.17 2 21
github.com/Ashes47/braids/internal/tui/map.go:552.17,554.3 1 0
github.com/Ashes47/braids/internal/tui/map.go:557.2,558.29 2 21
github.com/Ashes47/braids/internal/tui/map.go:558.29,560.3 1 2
github.com/Ashes47/braids/internal/tui/map.go:562.2,564.16 3 21
github.com/Ashes47/braids/internal/tui/map.go:564.16,566.28 2 2
github.com/Ashes47/braids/internal/tui/map.go:566.28,568.4 1 1
github.com/Ashes47/braids/internal/tui/map.go:569.3,572.30 4 2
github.com/Ashes47/braids/internal/tui/map.go:574.2,574.19 1 21
github.com/Ashes47/braids/internal/tui/map.go:574.19,579.3 4 2
github.com/Ashes47/braids/internal/tui/map.go:580.2,584.24 5 21
github.com/Ashes47/braids/internal/tui/map.go:584.24,586.3 1 2
github.com/Ashes47/braids/internal/tui/map.go:587.2,596.20 6 21
github.com/Ashes47/braids/internal/tui/map.go:596.20,598.3 1 0
github.com/Ashes47/braids/internal/tui/map.go:599.2,602.20 3 21
github.com/Ashes47/braids/internal/tui/map.go:602.20,604.3 1 1
github.com/Ashes47/braids/internal/tui/map.go:605.2,608.22 3 21
github.com/Ashes47/braids/internal/tui/map.go:612.33,614.16 2 16
github.com/Ashes47/braids/internal/tui/map.go:614.16,616.3 1 1
github.com/Ashes47/braids/internal/tui/map.go:617.2,617.19 1 16
github.com/Ashes47/braids/internal/tui/map.go:617.19,619.3 1 1
github.com/Ashes47/braids/internal/tui/map.go:620.2,624.19 3 16
github.com/Ashes47/braids/internal/tui/map.go:624.19,626.3 1 0
github.com/Ashes47/braids/internal/tui/map.go:627.2,627.88 1 16
github.com/Ashes47/braids/internal/tui/map.go:631.32,632.18 1 19
github.com/Ashes47/braids/internal/tui/map.go:632.18,634.3 1 0
github.com/Ashes47/braids/internal/tui/map.go:635.2,635.15 1 19
github.com/Ashes47/braids/internal/tui/map.go:640.46,643.69 3 53
github.com/Ashes47/braids/internal/tui/map.go:643.69,645.16 2 84
github.com/Ashes47/braids/internal/tui/map.go:645.16,647.12 2 3
github.com/Ashes47/braids/internal/tui/map.go:647.12,649.5 1 2
github.com/Ashes47/braids/internal/tui/map.go:651.3,654.16 3 84
github.com/Ashes47/braids/internal/tui/map.go:654.16,656.12 2 3
github.com/Ashes47/braids/internal/tui/map.go:656.12,658.5 1 2
github.com/Ashes47/braids/internal/tui/map.go:660.3,660.32 1 84
github.com/Ashes47/braids/internal/tui/map.go:660.32,662.4 1 3
github.com/Ashes47/braids/internal/tui/map.go:664.2,664.28 1 53
github.com/Ashes47/braids/internal/tui/map.go:664.28,666.3 1 81
github.com/Ashes47/braids/internal/tui/map.go:667.2,667.12 1 53
github.com/Ashes47/braids/internal/tui/map.go:673.33,674.9 1 25
github.com/Ashes47/braids/internal/tui/map.go:675.18,676.52 1 1
github.com/Ashes47/braids/internal/tui/map.go:677.18,678.52 1 1
github.com/Ashes47/braids/internal/tui/map.go:679.18,680.52 1 1
github.com/Ashes47/braids/internal/tui/map.go:681.10,682.32 1 22
github.com/Ashes47/braids/internal/tui/map.go:690.39,691.9 1 25
github.com/Ashes47/braids/internal/tui/map.go:692.23,693.15 1 1
github.com/Ashes47/braids/internal/tui/map.go:694.21,695.46 1 3
github.com/Ashes47/braids/internal/tui/map.go:696.24,697.44 1 19
github.com/Ashes47/braids/internal/tui/map.go:698.10,699.47 1 2
github.com/Ashes47/braids/internal/tui/map.go:704.51,706.13 2 140
github.com/Ashes47/braids/internal/tui/map.go:706.13,708.3 1 0
github.com/Ashes47/braids/internal/tui/map.go:709.2,709.48 1 140
github.com/Ashes47/braids/internal/tui/map.go:714.43,715.32 1 95
github.com/Ashes47/braids/internal/tui/map.go:715.32,717.3 1 93
github.com/Ashes47/braids/internal/tui/map.go:718.2,718.16 1 2
github.com/Ashes47/braids/internal/tui/map.go:718.16,720.3 1 0
github.com/Ashes47/braids/internal/tui/map.go:721.2,723.22 3 2
github.com/Ashes47/braids/internal/tui/map.go:723.22,725.23 2 12
github.com/Ashes47/braids/internal/tui/map.go:725.23,726.9 1 2
github.com/Ashes47/braids/internal/tui/map.go:728.3,729.12 2 10
github.com/Ashes47/braids/internal/tui/map.go:731.2,731.27 1 2
github.com/Ashes47/braids/internal/tui/map.go:734.43,735.47 1 769
github.com/Ashes47/braids/internal/tui/map.go:735.47,737.3 1 730
github.com/Ashes47/braids/internal/tui/map.go:738.2,738.10 1 39
github.com/Ashes47/braids/internal/tui/map.go:741.42,742.47 1 256
github.com/Ashes47/braids/internal/tui/map.go:742.47,744.3 1 238
github.com/Ashes47/braids/internal/tui/map.go:745.2,745.10 1 18
github.com/Ashes47/braids/internal/tui/run.go:17.68,18.27 1 0
github.com/Ashes47/braids/internal/tui/run.go:18.27,20.3 1 0
github.com/Ashes47/braids/internal/tui/run.go:21.2,22.16 2 0
github.com/Ashes47/braids/internal/tui/run.go:22.16,24.3 1 0
github.com/Ashes47/braids/internal/tui/run.go:25.2,25.27 1 0
github.com/Ashes47/braids/internal/tui/run.go:25.27,27.3 1 0
github.com/Ashes47/braids/internal/tui/run.go:28.2,28.94 1 0
github.com/Ashes47/braids/internal/tui/run.go:28.94,30.3 1 0
github.com/Ashes47/braids/internal/tui/run.go:31.2,31.12 1 0
github.com/Ashes47/braids/internal/tui/run.go:37.97,41.17 4 0
github.com/Ashes47/braids/internal/tui/run.go:41.17,43.27 2 0
github.com/Ashes47/braids/internal/tui/run.go:43.27,45.4 1 0
github.com/Ashes47/braids/internal/tui/run.go:46.3,46.26 1 0
github.com/Ashes47/braids/internal/tui/run.go:48.2,48.18 1 0
github.com/Ashes47/braids/internal/tui/run.go:48.18,50.3 1 0
github.com/Ashes47/braids/internal/tui/run.go:51.2,51.30 1 0
github.com/Ashes47/braids/internal/tui/run.go:51.30,52.48 1 0
github.com/Ashes47/braids/internal/tui/run.go:52.48,54.9 2 0
github.com/Ashes47/braids/internal/tui/run.go:57.2,58.20 2 0
github.com/Ashes47/braids/internal/tui/run.go:58.20,60.3 1 0
github.com/Ashes47/braids/internal/tui/run.go:61.2,61.24 1 0
github.com/Ashes47/braids/internal/tui/run.go:65.94,66.54 1 0
github.com/Ashes47/braids/internal/tui/run.go:66.54,68.17 2 0
github.com/Ashes47/braids/internal/tui/run.go:68.17,70.4 1 0
github.com/Ashes47/braids/internal/tui/run.go:71.3,71.32 1 0
github.com/Ashes47/braids/internal/tui/run.go:77.108,79.16 2 0
github.com/Ashes47/braids/internal/tui/run.go:79.16,81.3 1 0
github.com/Ashes47/braids/internal/tui/run.go:82.2,83.16 2 0
github.com/Ashes47/braids/internal/tui/run.go:83.16,85.3 1 0
github.com/Ashes47/braids/internal/tui/run.go:86.2,87.16 2 0
github.com/Ashes47/braids/internal/tui/run.go:87.16,89.3 1 0
github.com/Ashes47/braids/internal/tui/run.go:90.2,90.63 1 0
github.com/Ashes47/braids/internal/tui/searchview.go:32.35,34.43 2 12
github.com/Ashes47/braids/internal/tui/searchview.go:34.43,36.3 1 2
github.com/Ashes47/braids/internal/tui/searchview.go:37.2,40.10 4 12
github.com/Ashes47/braids/internal/tui/searchview.go:43.44,45.13 2 16
github.com/Ashes47/braids/internal/tui/searchview.go:46.13,49.11 3 2
github.com/Ashes47/braids/internal/tui/searchview.go:50.13,53.11 3 2
github.com/Ashes47/braids/internal/tui/searchview.go:54.15,55.23 1 2
github.com/Ashes47/braids/internal/tui/searchview.go:56.24,57.13 1 0
github.com/Ashes47/braids/internal/tui/searchview.go:58.22,59.13 1 0
github.com/Ashes47/braids/internal/tui/searchview.go:60.19,62.16 2 0
github.com/Ashes47/braids/internal/tui/searchview.go:63.10,64.25 1 10
github.com/Ashes47/braids/internal/tui/searchview.go:64.25,66.4 1 0
github.com/Ashes47/braids/internal/tui/searchview.go:67.3,67.16 1 10
github.com/Ashes47/braids/internal/tui/searchview.go:69.2,70.10 2 10
github.com/Ashes47/braids/internal/tui/searchview.go:74.51,75.19 1 2
github.com/Ashes47/braids/internal/tui/searchview.go:75.19,77.3 1 1
github.com/Ashes47/braids/internal/tui/searchview.go:78.2,78.47 1 1
github.com/Ashes47/braids/internal/tui/searchview.go:78.47,80.3 1 1
github.com/Ashes47/braids/internal/tui/searchview.go:81.2,81.38 1 0
github.com/Ashes47/braids/internal/tui/searchview.go:81.38,83.3 1 0
github.com/Ashes47/braids/internal/tui/searchview.go:84.2,84.11 1 0
github.com/Ashes47/braids/internal/tui/searchview.go:87.29,90.64 3 13
github.com/Ashes47/braids/internal/tui/searchview.go:90.64,93.3 2 0
github.com/Ashes47/braids/internal/tui/searchview.go:94.2,96.33 3 13
github.com/Ashes47/braids/internal/tui/searchview.go:99.31,101.29 2 11
github.com/Ashes47/braids/internal/tui/searchview.go:101.29,103.3 1 2
github.com/Ashes47/braids/internal/tui/searchview.go:104.2,104.18 1 11
github.com/Ashes47/braids/internal/tui/searchview.go:104.18,106.3 1 2
github.com/Ashes47/braids/internal/tui/searchview.go:107.2,108.25 2 11
github.com/Ashes47/braids/internal/tui/searchview.go:108.25,110.3 1 0
github.com/Ashes47/braids/internal/tui/searchview.go:111.2,111.28 1 11
github.com/Ashes47/braids/internal/tui/searchview.go:111.28,113.3 1 0
github.com/Ashes47/braids/internal/tui/searchview.go:114.2,114.18 1 11
github.com/Ashes47/braids/internal/tui/searchview.go:114.18,116.3 1 0
github.com/Ashes47/braids/internal/tui/searchview.go:122.34,124.29 2 2
github.com/Ashes47/braids/internal/tui/searchview.go:124.29,126.3 1 0
github.com/Ashes47/braids/internal/tui/searchview.go:127.2,128.26 2 2
github.com/Ashes47/braids/internal/tui/searchview.go:128.26,129.35 1 2
github.com/Ashes47/braids/internal/tui/searchview.go:129.35,130.12 1 0
github.com/Ashes47/braids/internal/tui/searchview.go:132.3,140.11 9 2
github.com/Ashes47/braids/internal/tui/searchview.go:142.2,143.10 2 0
github.com/Ashes47/braids/internal/tui/searchview.go:148.50,150.25 2 2
github.com/Ashes47/braids/internal/tui/searchview.go:150.25,151.20 1 7
github.com/Ashes47/braids/internal/tui/searchview.go:151.20,152.12 1 0
github.com/Ashes47/braids/internal/tui/searchview.go:154.3,154.23 1 7
github.com/Ashes47/braids/internal/tui/searchview.go:154.23,156.12 2 5
github.com/Ashes47/braids/internal/tui/searchview.go:158.3,158.8 1 2
github.com/Ashes47/braids/internal/tui/searchview.go:160.2,160.13 1 2
github.com/Ashes47/braids/internal/tui/searchview.go:163.38,174.9 10 4
github.com/Ashes47/braids/internal/tui/searchview.go:175.20,178.32 3 1
github.com/Ashes47/braids/internal/tui/searchview.go:178.32,180.4 1 10
github.com/Ashes47/braids/internal/tui/searchview.go:181.24,184.32 3 2
github.com/Ashes47/braids/internal/tui/searchview.go:184.32,186.4 1 20
github.com/Ashes47/braids/internal/tui/searchview.go:187.10,189.35 2 1
github.com/Ashes47/braids/internal/tui/searchview.go:189.35,192.4 2 2
github.com/Ashes47/braids/internal/tui/searchview.go:193.3,193.47 1 1
github.com/Ashes47/braids/internal/tui/searchview.go:193.47,195.4 1 9
github.com/Ashes47/braids/internal/tui/searchview.go:197.2,202.19 4 4
github.com/Ashes47/braids/internal/tui/searchview.go:205.37,206.50 1 2
github.com/Ashes47/braids/internal/tui/searchview.go:206.50,208.3 1 1
github.com/Ashes47/braids/internal/tui/searchview.go:209.2,209.63 1 1
github.com/Ashes47/braids/internal/tui/searchview.go:212.37,214.26 2 4
github.com/Ashes47/braids/internal/tui/searchview.go:214.26,216.3 1 0
github.com/Ashes47/braids/internal/tui/searchview.go:217.2,217.65 1 4
github.com/Ashes47/braids/internal/tui/searchview.go:220.36,223.19 3 4
github.com/Ashes47/braids/internal/tui/searchview.go:223.19,225.3 1 3
github.com/Ashes47/braids/internal/tui/searchview.go:226.2,227.19 2 4
github.com/Ashes47/braids/internal/tui/searchview.go:227.19,229.3 1 0
github.com/Ashes47/braids/internal/tui/searchview.go:230.2,240.34 3 4
github.com/Ashes47/braids/internal/tui/searchview.go:244.30,245.32 1 4
github.com/Ashes47/braids/internal/tui/searchview.go:245.32,247.3 1 1
github.com/Ashes47/braids/internal/tui/searchview.go:248.2,248.10 1 3
github.com/Ashes47/braids/internal/tui/searchview.go:251.39,254.19 2 4
github.com/Ashes47/braids/internal/tui/searchview.go:254.19,256.3 1 0
github.com/Ashes47/braids/internal/tui/searchview.go:257.2,259.32 1 4
github.com/Ashes47/braids/internal/tui/searchview.go:262.63,264.16 2 2
github.com/Ashes47/braids/internal/tui/searchview.go:264.16,266.3 1 0
github.com/Ashes47/braids/internal/tui/searchview.go:267.2,268.20 2 2
github.com/Ashes47/braids/internal/tui/searchview.go:268.20,270.3 1 1
github.com/Ashes47/braids/internal/tui/searchview.go:271.2,272.22 2 2
github.com/Ashes47/braids/internal/tui/searchview.go:272.22,274.3 1 0
github.com/Ashes47/braids/internal/tui/searchview.go:276.2,282.14 6 2
github.com/Ashes47/braids/internal/tui/searchview.go:282.14,284.3 1 1
github.com/Ashes47/braids/internal/tui/searchview.go:285.2,288.33 1 1
github.com/Ashes47/braids/internal/tui/spineview.go:44.30,46.49 2 24
github.com/Ashes47/braids/internal/tui/spineview.go:46.49,46.101 1 0
github.com/Ashes47/braids/internal/tui/spineview.go:48.2,50.33 3 24
github.com/Ashes47/braids/internal/tui/spineview.go:50.33,51.61 1 81
github.com/Ashes47/braids/internal/tui/spineview.go:51.61,54.4 2 3
github.com/Ashes47/braids/internal/tui/spineview.go:56.2,56.29 1 24
github.com/Ashes47/braids/internal/tui/spineview.go:56.29,59.3 2 81
github.com/Ashes47/braids/internal/tui/spineview.go:60.2,60.37 1 24
github.com/Ashes47/braids/internal/tui/spineview.go:60.37,62.3 1 0
github.com/Ashes47/braids/internal/tui/spineview.go:63.2,63.11 1 24
github.com/Ashes47/braids/internal/tui/spineview.go:67.41,68.48 1 9
github.com/Ashes47/braids/internal/tui/spineview.go:68.48,70.3 1 0
github.com/Ashes47/braids/internal/tui/spineview.go:71.2,71.28 1 9
github.com/Ashes47/braids/internal/tui/spineview.go:74.46,75.14 1 39
github.com/Ashes47/braids/internal/tui/spineview.go:75.14,77.3 1 0
github.com/Ashes47/braids/internal/tui/spineview.go:78.2,78.19 1 39
github.com/Ashes47/braids/internal/tui/spineview.go:88.30,90.9 2 48
github.com/Ashes47/braids/internal/tui/spineview.go:91.22,92.21 1 31
github.com/Ashes47/braids/internal/tui/spineview.go:93.10,95.28 2 17
github.com/Ashes47/braids/internal/tui/spineview.go:95.28,96.38 1 68
github.com/Ashes47/braids/internal/tui/spineview.go:96.38,98.5 1 18
github.com/Ashes47/braids/internal/tui/spineview.go:101.2,101.17 1 48
github.com/Ashes47/braids/internal/tui/spineview.go:105.43,106.48 1 48
github.com/Ashes47/braids/internal/tui/spineview.go:106.48,108.3 1 24
github.com/Ashes47/braids/internal/tui/spineview.go:109.2,109.36 1 24
github.com/Ashes47/braids/internal/tui/spineview.go:113.42,115.15 2 48
github.com/Ashes47/braids/internal/tui/spineview.go:115.15,117.3 1 24
github.com/Ashes47/braids/internal/tui/spineview.go:118.2,118.30 1 24
github.com/Ashes47/braids/internal/tui/spineview.go:118.30,119.23 1 33
github.com/Ashes47/braids/internal/tui/spineview.go:119.23,122.4 2 19
github.com/Ashes47/braids/internal/tui/spineview.go:126.32,127.19 1 57
github.com/Ashes47/braids/internal/tui/spineview.go:127.19,129.3 1 0
github.com/Ashes47/braids/internal/tui/spineview.go:130.2,130.42 1 57
github.com/Ashes47/braids/internal/tui/spineview.go:133.37,134.19 1 68
github.com/Ashes47/braids/internal/tui/spineview.go:134.19,136.3 1 0
github.com/Ashes47/braids/internal/tui/spineview.go:137.2,138.90 1 68
github.com/Ashes47/braids/internal/tui/spineview.go:143.34,144.47 1 21
github.com/Ashes47/braids/internal/tui/spineview.go:144.47,146.3 1 0
github.com/Ashes47/braids/internal/tui/spineview.go:147.2,147.52 1 21
github.com/Ashes47/braids/internal/tui/spineview.go:152.57,153.24 1 24
github.com/Ashes47/braids/internal/tui/spineview.go:153.24,155.3 1 0
github.com/Ashes47/braids/internal/tui/spineview.go:156.2,159.28 4 24
github.com/Ashes47/braids/internal/tui/spineview.go:159.28,161.3 1 1
github.com/Ashes47/braids/internal/tui/spineview.go:162.2,164.10 3 24
github.com/Ashes47/braids/internal/tui/spineview.go:168.35,169.30 1 5
github.com/Ashes47/braids/internal/tui/spineview.go:169.30,173.3 3 1
github.com/Ashes47/braids/internal/tui/spineview.go:174.2,176.10 3 4
github.com/Ashes47/braids/internal/tui/spineview.go:179.54,181.21 2 44
github.com/Ashes47/braids/internal/tui/spineview.go:181.21,183.3 1 4
github.com/Ashes47/braids/internal/tui/spineview.go:184.2,184.23 1 40
github.com/Ashes47/braids/internal/tui/spineview.go:184.23,188.3 3 23
github.com/Ashes47/braids/internal/tui/spineview.go:189.2,189.13 1 17
github.com/Ashes47/braids/internal/tui/spineview.go:190.39,191.29 1 4
github.com/Ashes47/braids/internal/tui/spineview.go:192.29,194.22 2 1
github.com/Ashes47/braids/internal/tui/spineview.go:194.22,197.4 2 0
github.com/Ashes47/braids/internal/tui/spineview.go:198.3,198.41 1 1
github.com/Ashes47/braids/internal/tui/spineview.go:199.19,200.13 1 3
github.com/Ashes47/braids/internal/tui/spineview.go:201.17,202.13 1 1
github.com/Ashes47/braids/internal/tui/spineview.go:203.19,204.15 1 0
github.com/Ashes47/braids/internal/tui/spineview.go:205.18,206.32 1 0
github.com/Ashes47/braids/internal/tui/spineview.go:207.26,208.33 1 0
github.com/Ashes47/braids/internal/tui/spineview.go:209.24,210.33 1 0
github.com/Ashes47/braids/internal/tui/spineview.go:211.11,212.25 1 1
github.com/Ashes47/braids/internal/tui/spineview.go:213.11,214.30 1 6
github.com/Ashes47/braids/internal/tui/spineview.go:215.11,217.30 2 1
github.com/Ashes47/braids/internal/tui/spineview.go:218.11,220.30 2 0
github.com/Ashes47/braids/internal/tui/spineview.go:221.11,222.50 1 0
github.com/Ashes47/braids/internal/tui/spineview.go:223.11,224.51 1 0
github.com/Ashes47/braids/internal/tui/spineview.go:226.2,227.15 2 5
github.com/Ashes47/braids/internal/tui/spineview.go:230.30,232.14 2 30
github.com/Ashes47/braids/internal/tui/spineview.go:232.14,234.3 1 0
github.com/Ashes47/braids/internal/tui/spineview.go:235.2,235.32 1 30
github.com/Ashes47/braids/internal/tui/spineview.go:235.32,237.3 1 0
github.com/Ashes47/braids/internal/tui/spineview.go:238.2,238.18 1 30
github.com/Ashes47/braids/internal/tui/spineview.go:238.18,240.3 1 0
github.com/Ashes47/braids/internal/tui/spineview.go:241.2,242.25 2 30
github.com/Ashes47/braids/internal/tui/spineview.go:242.25,244.3 1 0
github.com/Ashes47/braids/internal/tui/spineview.go:245.2,245.28 1 30
github.com/Ashes47/braids/internal/tui/spineview.go:245.28,247.3 1 0
github.com/Ashes47/braids/internal/tui/spineview.go:248.2,248.18 1 30
github.com/Ashes47/braids/internal/tui/spineview.go:248.18,250.3 1 0
github.com/Ashes47/braids/internal/tui/spineview.go:253.37,264.9 10 15
github.com/Ashes47/braids/internal/tui/spineview.go:265.20,268.32 3 1
github.com/Ashes47/braids/internal/tui/spineview.go:268.32,270.4 1 10
github.com/Ashes47/braids/internal/tui/spineview.go:271.27,274.32 3 3
github.com/Ashes47/braids/internal/tui/spineview.go:274.32,276.4 1 30
github.com/Ashes47/braids/internal/tui/spineview.go:277.10,280.61 3 11
github.com/Ashes47/braids/internal/tui/spineview.go:280.61,286.66 4 43
github.com/Ashes47/braids/internal/tui/spineview.go:286.66,290.5 3 0
github.com/Ashes47/braids/internal/tui/spineview.go:292.3,292.36 1 11
github.com/Ashes47/braids/internal/tui/spineview.go:292.36,294.4 1 78
github.com/Ashes47/braids/internal/tui/spineview.go:296.2,299.19 4 15
github.com/Ashes47/braids/internal/tui/spineview.go:303.36,311.15 6 0
github.com/Ashes47/braids/internal/tui/spineview.go:311.15,313.3 1 0
github.com/Ashes47/braids/internal/tui/spineview.go:314.2,317.29 1 0
github.com/Ashes47/braids/internal/tui/spineview.go:322.37,324.9 2 15
github.com/Ashes47/braids/internal/tui/spineview.go:325.23,326.32 1 1
github.com/Ashes47/braids/internal/tui/spineview.go:327.22,329.15 2 7
github.com/Ashes47/braids/internal/tui/spineview.go:329.15,331.4 1 4
github.com/Ashes47/braids/internal/tui/spineview.go:332.3,332.38 1 7
github.com/Ashes47/braids/internal/tui/spineview.go:333.10,334.47 1 7
github.com/Ashes47/braids/internal/tui/spineview.go:338.43,339.25 1 3
github.com/Ashes47/braids/internal/tui/spineview.go:339.25,341.3 1 1
github.com/Ashes47/braids/internal/tui/spineview.go:342.2,342.41 1 2
github.com/Ashes47/braids/internal/tui/spineview.go:345.36,347.16 2 15
github.com/Ashes47/braids/internal/tui/spineview.go:347.16,349.3 1 0
github.com/Ashes47/braids/internal/tui/spineview.go:350.2,351.25 2 15
github.com/Ashes47/braids/internal/tui/spineview.go:351.25,353.3 1 2
github.com/Ashes47/braids/internal/tui/spineview.go:354.2,354.88 1 15
github.com/Ashes47/braids/internal/tui/spineview.go:358.35,360.35 2 15
github.com/Ashes47/braids/internal/tui/spineview.go:360.35,361.30 1 48
github.com/Ashes47/braids/internal/tui/spineview.go:361.30,364.4 2 11
github.com/Ashes47/braids/internal/tui/spineview.go:366.2,379.34 4 15
github.com/Ashes47/braids/internal/tui/spineview.go:388.48,389.9 1 19
github.com/Ashes47/braids/internal/tui/spineview.go:390.32,391.16 1 5
github.com/Ashes47/braids/internal/tui/spineview.go:392.19,393.43 1 10
github.com/Ashes47/braids/internal/tui/spineview.go:394.17,395.46 1 1
github.com/Ashes47/braids/internal/tui/spineview.go:396.10,397.68 1 3
github.com/Ashes47/braids/internal/tui/spineview.go:401.38,404.19 3 15
github.com/Ashes47/braids/internal/tui/spineview.go:404.19,406.3 1 0
github.com/Ashes47/braids/internal/tui/spineview.go:407.2,407.103 1 15
github.com/Ashes47/braids/internal/tui/spineview.go:416.66,418.21 2 43
github.com/Ashes47/braids/internal/tui/spineview.go:418.21,420.3 1 2
github.com/Ashes47/braids/internal/tui/spineview.go:420.8,422.3 1 41
github.com/Ashes47/braids/internal/tui/spineview.go:423.2,423.14 1 43
github.com/Ashes47/braids/internal/tui/spineview.go:423.14,425.3 1 11
github.com/Ashes47/braids/internal/tui/spineview.go:426.2,426.15 1 32
github.com/Ashes47/braids/internal/tui/spineview.go:431.64,434.16 3 2
github.com/Ashes47/braids/internal/tui/spineview.go:434.16,436.3 1 0
github.com/Ashes47/braids/internal/tui/spineview.go:437.2,441.19 4 2
github.com/Ashes47/braids/internal/tui/spineview.go:441.19,443.3 1 0
github.com/Ashes47/braids/internal/tui/spineview.go:444.2,449.22 4 2
github.com/Ashes47/braids/internal/tui/spineview.go:452.71,456.37 3 41
github.com/Ashes47/braids/internal/tui/spineview.go:456.37,458.3 1 10
github.com/Ashes47/braids/internal/tui/spineview.go:459.2,463.19 3 41
github.com/Ashes47/braids/internal/tui/spineview.go:463.19,465.3 1 0
github.com/Ashes47/braids/internal/tui/spineview.go:467.2,469.18 3 41
github.com/Ashes47/braids/internal/tui/spineview.go:470.20,472.59 2 10
github.com/Ashes47/braids/internal/tui/spineview.go:473.10,476.33 3 31
github.com/Ashes47/braids/internal/tui/spineview.go:476.33,478.4 1 21
github.com/Ashes47/braids/internal/tui/spineview.go:479.3,480.58 2 31
github.com/Ashes47/braids/internal/tui/spineview.go:480.58,483.4 2 0
github.com/Ashes47/braids/internal/tui/spineview.go:485.2,495.22 6 41
github.com/Ashes47/braids/internal/tui/spineview.go:499.36,501.44 2 6
github.com/Ashes47/braids/internal/tui/spineview.go:501.44,504.3 2 1
github.com/Ashes47/braids/internal/tui/spineview.go:505.2,506.21 2 5
github.com/Ashes47/braids/internal/tui/spineview.go:506.21,509.3 2 1
github.com/Ashes47/braids/internal/tui/spineview.go:510.2,511.30 2 4
github.com/Ashes47/braids/internal/tui/spineview.go:511.30,514.3 2 1
github.com/Ashes47/braids/internal/tui/spineview.go:515.2,517.10 3 3
github.com/Ashes47/braids/internal/tui/spineview.go:520.44,522.13 2 4
github.com/Ashes47/braids/internal/tui/spineview.go:523.13,524.27 1 0
github.com/Ashes47/braids/internal/tui/spineview.go:525.15,526.26 1 2
github.com/Ashes47/braids/internal/tui/spineview.go:527.10,528.21 1 2
github.com/Ashes47/braids/internal/tui/spineview.go:530.2,530.10 1 2
github.com/Ashes47/braids/internal/tui/spineview.go:536.37,543.16 6 2
github.com/Ashes47/braids/internal/tui/spineview.go:543.16,546.3 2 1
github.com/Ashes47/braids/internal/tui/spineview.go:547.2,548.22 2 1
github.com/Ashes47/braids/internal/tui/spineview.go:548.22,550.17 2 0
github.com/Ashes47/braids/internal/tui/spineview.go:550.17,553.4 2 0
github.com/Ashes47/braids/internal/tui/spineview.go:554.3,554.22 1 0
github.com/Ashes47/braids/internal/tui/spineview.go:556.2,557.10 2 1
github.com/Ashes47/braids/internal/tui/spineview.go:562.44,565.26 3 7
github.com/Ashes47/braids/internal/tui/spineview.go:565.26,567.33 2 25
github.com/Ashes47/braids/internal/tui/spineview.go:567.33,568.12 1 14
github.com/Ashes47/braids/internal/tui/spineview.go:570.3,571.20 2 11
github.com/Ashes47/braids/internal/tui/spineview.go:571.20,572.9 1 1
github.com/Ashes47/braids/internal/tui/spineview.go:575.2,575.19 1 7
github.com/Ashes47/braids/internal/tui/spineview.go:575.19,577.3 1 2
github.com/Ashes47/braids/internal/tui/spineview.go:578.2,578.31 1 5
github.com/Ashes47/braids/internal/tui/spineview.go:594.56,595.34 1 6
github.com/Ashes47/braids/internal/tui/spineview.go:595.34,597.63 2 8
github.com/Ashes47/braids/internal/tui/spineview.go:597.63,599.4 1 5
github.com/Ashes47/braids/internal/tui/spineview.go:601.2,601.13 1 1
github.com/Ashes47/braids/internal/tui/spineview.go:605.42,607.30 2 78
github.com/Ashes47/braids/internal/tui/spineview.go:607.30,608.22 1 44
github.com/Ashes47/braids/internal/tui/spineview.go:608.22,609.9 1 0
github.com/Ashes47/braids/internal/tui/spineview.go:611.3,611.63 1 44
github.com/Ashes47/braids/internal/tui/spineview.go:613.2,613.36 1 78
github.com/Ashes47/braids/internal/tui/spineview.go:616.31,616.78 1 43
github.com/Ashes47/braids/internal/tui/theme.go:37.35,38.11 1 51
github.com/Ashes47/braids/internal/tui/theme.go:38.11,40.3 1 51
github.com/Ashes47/braids/internal/tui/theme.go:41.2,41.133 1 0
github.com/Ashes47/braids/internal/tui/theme.go:69.41,71.45 2 50
github.com/Ashes47/braids/internal/tui/theme.go:71.45,71.63 1 350
github.com/Ashes47/braids/internal/tui/theme.go:73.2,102.3 8 50
