 [38;2;139;148;158mDeleted:    [m[38;2;230;237;243m1[m                                                                            [1;38;2;240;136;62m<j/k>   [m[38;2;139;148;158mdown / up      [m [1;38;2;240;136;62m<esc>   [m[38;2;139;148;158mback           [m
 [38;2;139;148;158mHolding:    [m[38;2;230;237;243m71 kB[m                                                                        [1;38;2;240;136;62m<↵ / r> [m[38;2;139;148;158mrestore        [m
 [38;2;139;148;158mKept for:   [m[38;2;230;237;243m14 days[m                                                                      [1;38;2;240;136;62m<d>     [m[38;2;139;148;158mdelete for good[m
 [38;2;139;148;158mNext to go: [m[38;2;230;237;243min 13d[m                                                                       [1;38;2;240;136;62m<f>     [m[38;2;139;148;158mfilter         [m

[38;2;61;68;77m╭─[m[1;38;2;230;237;243m Deleted(all)[1] [m[38;2;61;68;77m──────────────────────────────────────────────────────────────────────────────────────────────────────────────────────╮[m
[38;2;61;68;77m│[m[1;38;2;240;136;62m DELETED ITEM                                                                                             DELETED      SIZE      EXPIRES[m[38;2;61;68;77m│[m
[38;2;61;68;77m│[m[38;2;246;248;250;48;2;31;111;235m row-ids-out.txt                                                                                         just now     71 kB       in 13d[m[38;2;61;68;77m│[m
[38;2;61;68;77m╰────────────────────────────────────────────────────────────────────────────────────────────────────────────────────────────────────────╯[m
