 [38;2;139;148;158mRemembered:   [m[38;2;230;237;243m4 in 1 projects[m    [1;38;2;240;136;62m⚠    [m[38;2;139;148;158mnot in the index, never loaded[m     [1;38;2;240;136;62m<j/k>   [m[38;2;139;148;158mdown / up         [m [1;38;2;240;136;62m<d>     [m[38;2;139;148;158mdelete            [m   [38;2;240;136;62m  ___.                        __       .___         [m
 [38;2;139;148;158mHolding:      [m[38;2;230;237;243m2 kB[m               [38;2;240;136;62m⊕    [m[38;2;139;148;158mlinks to one not written yet  [m     [1;38;2;240;136;62m<↵>     [m[38;2;139;148;158mread it           [m [1;38;2;240;136;62m<f>     [m[38;2;139;148;158mfilter            [m   [38;2;240;136;62m  \_ |__   ______   _____    |__|   __| _/    ______[m
 [38;2;139;148;158mNever loaded: [m[38;2;230;237;243m1[m                                                          [1;38;2;240;136;62m<c>     [m[38;2;139;148;158mthe conversation  [m [1;38;2;240;136;62m<esc>   [m[38;2;139;148;158mback              [m   [38;2;240;136;62m   | __ \  \_  __ \ \__  \    |    / __ |    /  ___/[m
 [38;2;139;148;158mIndex stale:  [m[38;2;230;237;243m0[m                                                          [1;38;2;240;136;62m<n / N> [m[38;2;139;148;158mnext / prev marked[m                              [38;2;240;136;62m   | \_\ \  |  | \/  / __ \_  |   / /_/ |    \___  \[m
 [38;2;139;148;158mLoose links:  [m[38;2;230;237;243m0[m                                                          [1;38;2;240;136;62m<r>     [m[38;2;139;148;158mrename            [m                              [38;2;240;136;62m   |___  /  |__|    (____  / |__| \____ |   /____  /[m
                                                                          [1;38;2;240;136;62m<i>     [m[38;2;139;148;158mrepair the index  [m                              [38;2;240;136;62m       \/                \/            \/        \/ [m

[38;2;61;68;77m╭─[m[1;38;2;230;237;243m Memories(all)[4] [m[38;2;61;68;77m──────────────────────────────────────────────────────────────────────────────────────────────────────────────────────────────────────────────────────────────────╮[m
[38;2;61;68;77m│[m[1;38;2;240;136;62m MEMORY                                                                                                                                         KIND        LINKS  CHANGED       FROM[m[38;2;61;68;77m│[m
[38;2;61;68;77m│[m [38;2;230;237;243mstorefront · 4                                                                                                                                                                     [m [38;2;61;68;77m│[m
[38;2;61;68;77m│[m[38;2;246;248;250;48;2;31;111;235m   ⚠ working-style                                                                                                                              feedback        0    09-04   a1b2c3d4[m[38;2;61;68;77m│[m
[38;2;61;68;77m│[m   [38;2;230;237;243mimport-nulls                                                                                                                                [m [38;2;61;68;77mproject   [m [38;2;61;68;77m     1[m [38;2;61;68;77m   09-04[m [38;2;61;68;77m  a1b2c3d4[m[38;2;61;68;77m│[m
[38;2;61;68;77m│[m   [38;2;230;237;243mtax-service-latency                                                                                                                         [m [38;2;61;68;77mreference [m [38;2;61;68;77m     0[m [38;2;61;68;77m   09-04[m [38;2;61;68;77m  a1b2c3d4[m[38;2;61;68;77m│[m
[38;2;61;68;77m│[m   [38;2;230;237;243mlock-scope-rule                                                                                                                             [m [38;2;61;68;77mproject   [m [38;2;61;68;77m     1[m [38;2;61;68;77m   09-04[m [38;2;61;68;77m  a1b2c3d4[m[38;2;61;68;77m│[m
[38;2;61;68;77m╰─────────────────────────────────────────────────────────────────────────────────────────────────────────────────────────────────────────────────────────────────────────────────────╯[m
 [38;2;139;148;158mRead the code before claiming what it does[m
