 [38;2;139;148;158mQuery:    [m[38;2;230;237;243mlock[m                  [1;38;2;240;136;62m<↵>     [m[38;2;139;148;158mopen the result[m                                                                                   [38;2;240;136;62m  ___.                          __        .___         [m
 [38;2;139;148;158mScope:    [m[38;2;230;237;243mevery conversation[m    [1;38;2;240;136;62m<tab>   [m[38;2;139;148;158mchange scope   [m                                                                                   [38;2;240;136;62m  \_ |__   ______     _____    |__|    __| _/    ______[m
 [38;2;139;148;158mHits:     [m[38;2;230;237;243m9[m                     [1;38;2;240;136;62m<↑ / ↓> [m[38;2;139;148;158mdown / up      [m                                                                                   [38;2;240;136;62m   | __ \  \_  __ \   \__  \    |     / __ |    /  ___/[m
 [38;2;139;148;158mTook:     [m[38;2;230;237;243m317µs[m                 [1;38;2;240;136;62m<esc>   [m[38;2;139;148;158mback           [m                                                                                   [38;2;240;136;62m   | \_\ \  |  | \/    / __ \_  |    / /_/ |    \___  \[m
                                                                                                                                           [38;2;240;136;62m   |___  /  |__|      (____  / |__|  \____ |   /____  /[m
                                                                                                                                           [38;2;240;136;62m       \/                  \/             \/        \/ [m

[38;2;61;68;77m╭─[m[1;38;2;230;237;243m Search(everywhere)[9] [m[38;2;61;68;77m─────────────────────────────────────────────────────────────────────────────────────────────────────────────────────────────────────────────────────────────────────────╮[m
[38;2;61;68;77m│[m[1;38;2;240;136;62m TYPE   WHERE                     TURN KIND        MATCH                                                                                                                                         [m[38;2;61;68;77m│[m
[38;2;61;68;77m│[m[38;2;246;248;250;48;2;31;111;235m convo  Two writers contendin…      t2 Bash        {"command": "counting [lock] waits per shard"}                                                                                                [m[38;2;61;68;77m│[m
[38;2;61;68;77m│[m [38;2;240;136;62mmemory[m [38;2;230;237;243mlock-scope-rule       [m [38;2;61;68;77m       [m [38;2;139;148;158m           [m [38;2;230;237;243m[lock]-scope-rule A [lock] must not span a network call. This…                                                                                [m[38;2;61;68;77m│[m
[38;2;61;68;77m│[m [38;2;139;148;158mwork  [m [38;2;230;237;243mtmp/lock-waits-by-sha…[m [38;2;61;68;77m       [m [38;2;139;148;158m           [m [38;2;230;237;243mtmp/[lock]-waits-by-shard.tsv                                                                                                                 [m[38;2;61;68;77m│[m
[38;2;61;68;77m│[m [38;2;139;148;158mconvo [m [38;2;230;237;243mCheckout stalls at 80…[m [38;2;61;68;77m     t4[m [38;2;139;148;158mGrep       [m [38;2;230;237;243m{"command": "grep for the [lock] across the service"}                                                                                         [m[38;2;61;68;77m│[m
[38;2;61;68;77m│[m [38;2;240;136;62mmemory[m [38;2;230;237;243mimport-nulls          [m [38;2;61;68;77m       [m [38;2;139;148;158m           [m [38;2;230;237;243m…Related: [[[lock]-scope-rule]].                                                                                                              [m[38;2;61;68;77m│[m
[38;2;61;68;77m│[m [38;2;139;148;158mconvo [m [38;2;230;237;243mCheckout stalls at 80…[m [38;2;61;68;77m     t8[m [38;2;139;148;158mtext       [m [38;2;230;237;243mthe [lock] is held across a network call                                                                                                      [m[38;2;61;68;77m│[m
[38;2;61;68;77m│[m [38;2;139;148;158mconvo [m [38;2;230;237;243mOption C: move the lo…[m [38;2;61;68;77m     t2[m [38;2;139;148;158mEdit       [m [38;2;230;237;243m{"command": "moving the [lock] and narrowing its scope"}                                                                                      [m[38;2;61;68;77m│[m
[38;2;61;68;77m│[m [38;2;139;148;158mconvo [m [38;2;230;237;243mCheckout stalls at 80…[m [38;2;61;68;77m     t2[m [38;2;139;148;158mRead       [m [38;2;230;237;243m{"command": "reading the handler and the [lock] it takes"}                                                                                    [m[38;2;61;68;77m│[m
[38;2;61;68;77m│[m [38;2;139;148;158mconvo [m [38;2;230;237;243mOption C: move the lo…[m [38;2;61;68;77m     t1[m [38;2;139;148;158mtext       [m [38;2;230;237;243mtry option c: move the [lock] inside the tax client                                                                                           [m[38;2;61;68;77m│[m
[38;2;61;68;77m╰─────────────────────────────────────────────────────────────────────────────────────────────────────────────────────────────────────────────────────────────────────────────────────────────────╯[m
 [1;38;2;240;136;62m/[m[38;2;230;237;243mlock[m[1;38;2;240;136;62m▏[m  [38;2;139;148;158m↵ open · tab scope · esc back[m
