 [38;2;139;148;158mLane:     [m[38;2;230;237;243ma1b2c3d4[m        [38;2;63;185;80m●    [m[38;2;139;148;158myour turn         [m      [1;38;2;240;136;62m<j/k>   [m[38;2;139;148;158mdown / up          [m [1;38;2;240;136;62m<n / N> [m[38;2;139;148;158mnext / prev ⚠ ⊕ ← ═[m                    [38;2;240;136;62m  ___.                        __       .___        [m
 [38;2;139;148;158mTurns:    [m[38;2;230;237;243m24[m              [38;2;61;68;77m●    [m[38;2;139;148;158mclaude's turn     [m      [1;38;2;240;136;62m<↵>     [m[38;2;139;148;158mopen branch/agent  [m [1;38;2;240;136;62m<p>     [m[38;2;139;148;158mpromote agent      [m                    [38;2;240;136;62m  \_ |__   ______   _____    |__|   __| _/   ______[m
 [38;2;139;148;158mBranches: [m[38;2;230;237;243m3 forked out[m    [38;2;61;68;77m⋯    [m[38;2;139;148;158mturns collapsed   [m      [1;38;2;240;136;62m<b>     [m[38;2;139;148;158mbranch here        [m [1;38;2;240;136;62m<f>     [m[38;2;139;148;158mfilter turns       [m                    [38;2;240;136;62m   | __ \  \_  __ \ \__  \    |    / __ |   /  ___/[m
 [38;2;139;148;158mAgents:   [m[38;2;230;237;243m0[m               [38;2;240;136;62m⊕    [m[38;2;139;148;158magent it spawned  [m      [1;38;2;240;136;62m</>     [m[38;2;139;148;158msearch             [m [1;38;2;240;136;62m<a>     [m[38;2;139;148;158mtoggle archive     [m                    [38;2;240;136;62m   | \_\ \  |  | \/  / __ \_  |   / /_/ |   \___  \[m
                           [1;38;2;240;136;62m⚠    [m[38;2;139;148;158ma tool call failed[m      [1;38;2;240;136;62m<m>     [m[38;2;139;148;158mmerge branch back  [m [1;38;2;240;136;62m<y>     [m[38;2;139;148;158mcopy resume        [m                    [38;2;240;136;62m   |___  /  |__|    (____  / |__| \____ |  /____  /[m
                           [38;2;240;136;62m══   [m[38;2;139;148;158mcontext compacted [m      [1;38;2;240;136;62m<esc>   [m[38;2;139;148;158mback               [m [1;38;2;240;136;62m<o>     [m[38;2;139;148;158mopen terminal      [m                    [38;2;240;136;62m       \/                \/            \/       \/ [m
                                                        [1;38;2;240;136;62m<q>     [m[38;2;139;148;158mquit               [m

[38;2;61;68;77m╭─[m[1;38;2;230;237;243m Spine(Checkout stalls at 80% under load, then…)[13] [m[38;2;61;68;77m───────────────────────────────────────────────────────────────────────────────────────────────────────────────────────────────╮[m
[38;2;61;68;77m│[m[1;38;2;240;136;62m  TURN  WHO     WHAT HAPPENED                                                                                                                                                BRANCHES[m[38;2;61;68;77m│[m
[38;2;61;68;77m│[m[38;2;246;248;250;48;2;31;111;235m ●    t1 you     checkout stalls at 80% under load and then recovers                                                                                                                 [m[38;2;61;68;77m│[m
[38;2;61;68;77m│[m [38;2;61;68;77m⋯[m [38;2;61;68;77m   t2[m [38;2;139;148;158m       [m [38;2;61;68;77m7 turns · 1 Bash · 1 Grep · 1 Read                                                                                                                       [m [1;38;2;240;136;62m          [m[38;2;61;68;77m│[m
[38;2;61;68;77m│[m [38;2;63;185;80m●[m [38;2;61;68;77m   t9[m [38;2;139;148;158myou    [m [38;2;230;237;243mwhich network call                                                                                                                                       [m [1;38;2;240;136;62m          [m[38;2;61;68;77m│[m
[38;2;61;68;77m│[m [38;2;61;68;77m  └─[m[38;2;63;185;80m●[m [38;2;230;237;243mTwo writers contending on the same shard index, 80% of the waits  (3 turns)                                                                                        [m [1;38;2;240;136;62m      ← t6[m[38;2;61;68;77m│[m
[38;2;61;68;77m│[m [38;2;61;68;77m  └─[m[38;2;63;185;80m●[m [38;2;230;237;243mBlobstore is doing 11 KiB reads per object instead of batching them  (4 turns)                                                                                     [m [1;38;2;240;136;62m      ← t8[m[38;2;61;68;77m│[m
[38;2;61;68;77m│[m [38;2;61;68;77m⋯[m [38;2;61;68;77m  t10[m [38;2;139;148;158m       [m [38;2;61;68;77m5 turns · 2 Bash · 1 Grep                                                                                                                                [m [1;38;2;240;136;62m          [m[38;2;61;68;77m│[m
[38;2;61;68;77m│[m [1;38;2;240;136;62m⚠[m [38;2;61;68;77m  t15[m [38;2;139;148;158mfailed [m [38;2;230;237;243mno route to host                                                                                                                                         [m [1;38;2;240;136;62m          [m[38;2;61;68;77m│[m
[38;2;61;68;77m│[m [38;2;61;68;77m  └─[m[38;2;63;185;80m●[m [38;2;230;237;243mOption C: move the lock inside the tax client and re-run the load test  (6 turns)                                                                                  [m [1;38;2;240;136;62m     ← t14[m[38;2;61;68;77m│[m
[38;2;61;68;77m│[m [38;2;63;185;80m●[m [38;2;61;68;77m  t16[m [38;2;139;148;158myou    [m [38;2;230;237;243mskip the tax call and see if the stall goes                                                                                                              [m [1;38;2;240;136;62m          [m[38;2;61;68;77m│[m
[38;2;61;68;77m│[m [38;2;61;68;77m⋯[m [38;2;61;68;77m  t17[m [38;2;139;148;158m       [m [38;2;61;68;77m5 turns · 1 Bash · 1 Edit                                                                                                                                [m [1;38;2;240;136;62m          [m[38;2;61;68;77m│[m
[38;2;61;68;77m│[m [38;2;63;185;80m●[m [38;2;61;68;77m  t22[m [38;2;139;148;158myou    [m [38;2;230;237;243mgood. what does that break                                                                                                                               [m [1;38;2;240;136;62m          [m[38;2;61;68;77m│[m
[38;2;61;68;77m│[m [38;2;61;68;77m●[m [38;2;61;68;77m  t23[m [38;2;139;148;158mclaude [m [38;2;139;148;158mthe receipt total is computed before tax now                                                                                                             [m [1;38;2;240;136;62m          [m[38;2;61;68;77m│[m
[38;2;61;68;77m│[m [38;2;63;185;80m●[m [38;2;61;68;77m  t24[m [38;2;139;148;158myou    [m [38;2;230;237;243mso we need the deferral to rejoin before receipt                                                                                                         [m [1;38;2;240;136;62m          [m[38;2;61;68;77m│[m
[38;2;61;68;77m╰─────────────────────────────────────────────────────────────────────────────────────────────────────────────────────────────────────────────────────────────────────────────────────╯[m
