 [38;2;139;148;158mConversation: [m[38;2;230;237;243ma1b2c3d4[m    [1;38;2;240;136;62m<j/k>   [m[38;2;139;148;158mdown / up    [m                                                                                   [38;2;240;136;62m  ___.                        __       .___        [m
 [38;2;139;148;158mHere:         [m[38;2;230;237;243mtop[m         [1;38;2;240;136;62m<↵>     [m[38;2;139;148;158mopen         [m                                                                                   [38;2;240;136;62m  \_ |__   ______   _____    |__|   __| _/   ______[m
 [38;2;139;148;158mHolding:      [m[38;2;230;237;243m1004 kB[m     [1;38;2;240;136;62m<d>     [m[38;2;139;148;158mdelete to bin[m                                                                                   [38;2;240;136;62m   | __ \  \_  __ \ \__  \    |    / __ |   /  ___/[m
 [38;2;139;148;158mFiles:        [m[38;2;230;237;243m8[m           [1;38;2;240;136;62m<f>     [m[38;2;139;148;158mfilter       [m                                                                                   [38;2;240;136;62m   | \_\ \  |  | \/  / __ \_  |   / /_/ |   \___  \[m
                           [1;38;2;240;136;62m<esc>   [m[38;2;139;148;158mup a level   [m                                                                                   [38;2;240;136;62m   |___  /  |__|    (____  / |__| \____ |  /____  /[m
                           [1;38;2;240;136;62m<q>     [m[38;2;139;148;158mquit         [m                                                                                   [38;2;240;136;62m       \/                \/            \/       \/ [m

[38;2;61;68;77m╭─[m[1;38;2;230;237;243m Work products(top)[2] [m[38;2;61;68;77m─────────────────────────────────────────────────────────────────────────────────────────────────────────────────────────────────────────────────────────────╮[m
[38;2;61;68;77m│[m[1;38;2;240;136;62m      SIZE    FILES  NAME                                                                                                                                                            [m[38;2;61;68;77m│[m
[38;2;61;68;77m│[m[38;2;246;248;250;48;2;31;111;235m   1004 kB        7  tmp/                                                                                                                                                            [m[38;2;61;68;77m│[m
[38;2;61;68;77m│[m [38;2;61;68;77m     20 B[m [38;2;61;68;77m       1[m  [38;2;139;148;158mstate.json  · the harness's own record                                                                                                                          [m[38;2;61;68;77m│[m
[38;2;61;68;77m╰─────────────────────────────────────────────────────────────────────────────────────────────────────────────────────────────────────────────────────────────────────────────────────╯[m
